<html>
<body>
<pre>
<h1>�Vision Build Log</h1>
<h2>Tool Versions:</h2>
IDE-Version: ��Vision V5.43.1.0
Copyright (C) 2025 ARM Ltd and ARM Germany GmbH. All rights reserved.
License Information: a a
a
User-based license: Keil MDK Community (non-commercial free of charge)
Valid until: Jun 1 2033. Cached until: May 14 2026
 
Tool Versions:
Toolchain:       Keil MDK Community (non-commercial free of charge  Version: 5.43.0.0
Toolchain Path:  D:\Keil5_MDK\ARM\ARMCLANG\Bin
C Compiler:      ArmClang.exe V6.24
Assembler:       Armasm.exe V6.24
Linker/Locator:  ArmLink.exe V6.24
Library Manager: ArmAr.exe V6.24
Hex Converter:   FromElf.exe V6.24
CPU DLL:         SARMCM3.DLL V5.43.0.0
Dialog DLL:      DARMCM1.DLL V1.19.6.0
Target DLL:      CMSIS_AGDI.dll V1.33.24.0
Dialog DLL:      TARMCM1.DLL V1.14.6.0
 
<h2>Project:</h2>
C:\ti\mspm0_sdk_2_02_00_05\22_auto_car_task_2001_sort\keil\empty_LP_MSPM0G3507_nortos_keil.uvprojx
Project File Date:  05/07/2026

<h2>Output:</h2>
*** Using Compiler 'V6.24', folder: 'D:\Keil5_MDK\ARM\ARMCLANG\Bin'
Rebuild target 'empty_LP_MSPM0G3507_nortos_keil'
Before Build - User command #1: cmd.exe /C "C:\ti\mspm0_sdk_2_02_00_05\tools\keil\syscfg.bat 'C:\ti\mspm0_sdk_2_02_00_05\22_auto_car_task_2001_sort\keil\' empty.syscfg"
Using Sysconfig Tool from "C:\ti\sysconfig_1.21.1\sysconfig_cli.bat"
"Update the file located at <sdk path>/tools/keil/syscfg.bat to use a different version"
Running script...
Validating...
info: MPU6050(/ti/driverlib/GPIO) associatedPins[0].initialValue: Tip: LED PA0 on Launchpads is Active Low.
info: motor_PWM(/ti/driverlib/PWM): Peripheral does not retain register contents in STOP or STANDBY modes. User should take care to save and restore register configuration in application. See Retention Configuration section for more details.
info: TIMER_1ms(/ti/driverlib/TIMER): Peripheral does not retain register contents in STOP or STANDBY modes. User should take care to save and restore register configuration in application. See Retention Configuration section for more details.
info: TIMER_20ms(/ti/driverlib/TIMER): Peripheral does not retain register contents in STOP or STANDBY modes. User should take care to save and restore register configuration in application. See Retention Configuration section for more details.
Generating Code (empty.syscfg)...
Unchanged C:\ti\mspm0_sdk_2_02_00_05\22_auto_car_task_2001_sort\ti_msp_dl_config.c...
Unchanged C:\ti\mspm0_sdk_2_02_00_05\22_auto_car_task_2001_sort\ti_msp_dl_config.h...
Unchanged C:\ti\mspm0_sdk_2_02_00_05\22_auto_car_task_2001_sort\Event.dot...
assembling startup_mspm0g350x_uvision.s...
compiling ti_msp_dl_config.c...
compiling dl_opa.c...
compiling dl_aes.c...
compiling dl_crcp.c...
compiling dl_dma.c...
compiling dl_keystorectl.c...
compiling dl_flashctl.c...
compiling dl_spi.c...
compiling dl_crc.c...
compiling dl_i2c.c...
compiling dl_trng.c...
compiling bsp_timer.c...
compiling dl_mcan.c...
compiling key.c...
compiling bsp.c...
compiling dl_lcd.c...
compiling dl_adc12.c...
compiling dl_common.c...
compiling dl_vref.c...
compiling dl_aesadv.c...
compiling dl_dac12.c...
compiling dl_mathacl.c...
compiling dl_lfss.c...
compiling delay.c...
compiling dl_sysctl_mspm0g1x0x_g3x0x.c...
compiling bsp_beep_led.c...
../main.c(51): warning: label followed by a declaration is a C23 extension [-Wc23-extensions]
   51 |     uint8_t mode=switch_mode();//ģʽѡ<D4><F1><A3><AC>turn_adjustֵ<A3><A8>תͷ<BA><F3><B5>Ĳ<B9><B3><A5>ֵ<A3><A9><B5><F7><D5><FB>
      |     ^
1 warning generated.
compiling main.c...
compiling dl_rtc_common.c...
compiling uart0.c...
compiling dl_uart.c...
compiling dl_timer.c...
compiling bsp_ultrasonic.c...
compiling bsp_motor.c...
compiling bsp_encoder.c...
../BSP/task/task.c(62): warning: passing 'volatile float *' to parameter of type 'float *' discards qualifiers [-Wincompatible-pointer-types-discards-qualifiers]
   62 |         mpu_dmp_get_data(&pitch,&roll,&yaw);               // 更新 yaw
      |                          ^~~~~~
../BSP/eMPL\inv_mpu.h(146): note: passing argument to parameter 'pitch' here
  146 | u8 mpu_dmp_get_data(float *pitch,float *roll,float *yaw);
      |                            ^
../BSP/task/task.c(62): warning: passing 'volatile float *' to parameter of type 'float *' discards qualifiers [-Wincompatible-pointer-types-discards-qualifiers]
   62 |         mpu_dmp_get_data(&pitch,&roll,&yaw);               // 更新 yaw
      |                                 ^~~~~
../BSP/eMPL\inv_mpu.h(146): note: passing argument to parameter 'roll' here
  146 | u8 mpu_dmp_get_data(float *pitch,float *roll,float *yaw);
      |                                         ^
../BSP/task/task.c(62): warning: passing 'volatile float *' to parameter of type 'float *' discards qualifiers [-Wincompatible-pointer-types-discards-qualifiers]
   62 |         mpu_dmp_get_data(&pitch,&roll,&yaw);               // 更新 yaw
      |                                       ^~~~
../BSP/eMPL\inv_mpu.h(146): note: passing argument to parameter 'yaw' here
  146 | u8 mpu_dmp_get_data(float *pitch,float *roll,float *yaw);
      |                                                     ^
3 warnings generated.
compiling task.c...
compiling app_motor.c...
compiling bsp_PID_motor.c...
compiling app_irtracking_eight.c...
../APP/app_straight_yaw.c(127): warning: passing 'volatile float *' to parameter of type 'float *' discards qualifiers [-Wincompatible-pointer-types-discards-qualifiers]
  127 |     mpu_dmp_get_data(&pitch, &roll, &yaw);
      |                      ^~~~~~
../BSP/eMPL\inv_mpu.h(146): note: passing argument to parameter 'pitch' here
  146 | u8 mpu_dmp_get_data(float *pitch,float *roll,float *yaw);
      |                            ^
../APP/app_straight_yaw.c(127): warning: passing 'volatile float *' to parameter of type 'float *' discards qualifiers [-Wincompatible-pointer-types-discards-qualifiers]
  127 |     mpu_dmp_get_data(&pitch, &roll, &yaw);
      |                              ^~~~~
../BSP/eMPL\inv_mpu.h(146): note: passing argument to parameter 'roll' here
  146 | u8 mpu_dmp_get_data(float *pitch,float *roll,float *yaw);
      |                                         ^
../APP/app_straight_yaw.c(127): warning: passing 'volatile float *' to parameter of type 'float *' discards qualifiers [-Wincompatible-pointer-types-discards-qualifiers]
  127 |     mpu_dmp_get_data(&pitch, &roll, &yaw);
      |                                     ^~~~
../BSP/eMPL\inv_mpu.h(146): note: passing argument to parameter 'yaw' here
  146 | u8 mpu_dmp_get_data(float *pitch,float *roll,float *yaw);
      |                                                     ^
../APP/app_straight_yaw.c(137): warning: passing 'volatile float *' to parameter of type 'float *' discards qualifiers [-Wincompatible-pointer-types-discards-qualifiers]
  137 |             mpu_dmp_get_data(&pitch, &roll, &yaw);   // 直接更新原始 yaw
      |                              ^~~~~~
../BSP/eMPL\inv_mpu.h(146): note: passing argument to parameter 'pitch' here
  146 | u8 mpu_dmp_get_data(float *pitch,float *roll,float *yaw);
      |                            ^
../APP/app_straight_yaw.c(137): warning: passing 'volatile float *' to parameter of type 'float *' discards qualifiers [-Wincompatible-pointer-types-discards-qualifiers]
  137 |             mpu_dmp_get_data(&pitch, &roll, &yaw);   // 直接更新原始 yaw
      |                                      ^~~~~
../BSP/eMPL\inv_mpu.h(146): note: passing argument to parameter 'roll' here
  146 | u8 mpu_dmp_get_data(float *pitch,float *roll,float *yaw);
      |                                         ^
../APP/app_straight_yaw.c(137): warning: passing 'volatile float *' to parameter of type 'float *' discards qualifiers [-Wincompatible-pointer-types-discards-qualifiers]
  137 |             mpu_dmp_get_data(&pitch, &roll, &yaw);   // 直接更新原始 yaw
      |                                             ^~~~
../BSP/eMPL\inv_mpu.h(146): note: passing argument to parameter 'yaw' here
  146 | u8 mpu_dmp_get_data(float *pitch,float *roll,float *yaw);
      |                                                     ^
6 warnings generated.
compiling app_straight_yaw.c...
compiling kalman.c...
compiling My_motor_pid.c...
../BSP/bsp_ir_eight/bsp_ir_eight.c(57): warning: assigning to 'char *' from 'volatile uint8_t *' (aka 'volatile unsigned char *') discards qualifiers [-Wincompatible-pointer-types-discards-qualifiers]
   57 |         buff=&IR_recv0_buff[head];
      |             ^~~~~~~~~~~~~~~~~~~~~
../BSP/bsp_ir_eight/bsp_ir_eight.c(108): warning: passing 'volatile uint8_t[20]' (aka 'volatile unsigned char[20]') to parameter of type 'char *' discards qualifiers [-Wincompatible-pointer-types-discards-qualifiers]
  108 |             sprintf(oledbuf, "%d%d%d%d%d%d%d%d",
      |                     ^~~~~~~
D:\Keil5_MDK\ARM\ARMCLANG\bin\..\include\stdio.h(417): note: passing argument to parameter here
  417 | extern _ARMABI int sprintf(char * __restrict /*s*/, const char * __restrict /*format*/, ...) __attribute__((__nonnull__(1,2)));
      |                                                   ^
../BSP/bsp_ir_eight/bsp_ir_eight.c(122): warning: passing 'volatile uint8_t[200]' (aka 'volatile unsigned char[200]') to parameter of type 'void *' discards qualifiers [-Wincompatible-pointer-types-discards-qualifiers]
  122 |                 memset(IR_recv0_buff,0,RE_0_BUFF_LEN_MAX);//重置接收缓冲区数据，防御编程
      |                        ^~~~~~~~~~~~~
D:\Keil5_MDK\ARM\ARMCLANG\bin\..\include\string.h(321): note: passing argument to parameter here
  321 | extern _ARMABI void *memset(void * /*s*/, int /*c*/, size_t /*n*/) __attribute__((__nonnull__(1)));
      |                                         ^
3 warnings generated.
compiling bsp_ir_eight.c...
../BSP/MPU6050/get_mpu6050.c(21): warning: passing 'volatile float *' to parameter of type 'float *' discards qualifiers [-Wincompatible-pointer-types-discards-qualifiers]
   21 |         mpu_dmp_get_data(&pitch,&roll,&yaw);
      |                          ^~~~~~
../BSP/eMPL\inv_mpu.h(146): note: passing argument to parameter 'pitch' here
  146 | u8 mpu_dmp_get_data(float *pitch,float *roll,float *yaw);
      |                            ^
../BSP/MPU6050/get_mpu6050.c(21): warning: passing 'volatile float *' to parameter of type 'float *' discards qualifiers [-Wincompatible-pointer-types-discards-qualifiers]
   21 |         mpu_dmp_get_data(&pitch,&roll,&yaw);
      |                                 ^~~~~
../BSP/eMPL\inv_mpu.h(146): note: passing argument to parameter 'roll' here
  146 | u8 mpu_dmp_get_data(float *pitch,float *roll,float *yaw);
      |                                         ^
../BSP/MPU6050/get_mpu6050.c(21): warning: passing 'volatile float *' to parameter of type 'float *' discards qualifiers [-Wincompatible-pointer-types-discards-qualifiers]
   21 |         mpu_dmp_get_data(&pitch,&roll,&yaw);
      |                                       ^~~~
../BSP/eMPL\inv_mpu.h(146): note: passing argument to parameter 'yaw' here
  146 | u8 mpu_dmp_get_data(float *pitch,float *roll,float *yaw);
      |                                                     ^
3 warnings generated.
compiling get_mpu6050.c...
compiling bsp_mpu6050.c...
compiling oled.c...
compiling inv_mpu_dmp_motion_driver.c...
compiling inv_mpu.c...
linking...
Program Size: Code=33884 RO-data=10772 RW-data=84 ZI-data=2956  
FromELF: creating hex file...
After Build - User command #1: .\align.bat
".\Objects\empty_LP_MSPM0G3507_nortos_keil.axf" - 0 Error(s), 16 Warning(s).

<h2>Software Packages used:</h2>

Package Vendor: TexasInstruments
                https://software-dl.ti.com/msp430/esd/MSPM0-CMSIS/MSPM0G1X0X_G3X0X/latest/exports/TexasInstruments.MSPM0G1X0X_G3X0X_DFP.1.3.1.pack
                TexasInstruments::MSPM0G1X0X_G3X0X_DFP@1.3.1
                Device Family Pack for Texas Instruments MSPM0G1X0X_G3X0X Series

<h2>Collection of Component include folders:</h2>

<h2>Collection of Component Files used:</h2>
Build Time Elapsed:  00:00:04
</pre>
</body>
</html>
