Component: Arm Compiler for Embedded 6.24 Tool: armlink [5f371500]

==============================================================================

Section Cross References

    startup_mspm0g350x_uvision.o(STACK) refers (Special) to heapauxi.o(.text) for __use_two_region_memory
    startup_mspm0g350x_uvision.o(HEAP) refers (Special) to heapauxi.o(.text) for __use_two_region_memory
    startup_mspm0g350x_uvision.o(RESET) refers (Special) to heapauxi.o(.text) for __use_two_region_memory
    startup_mspm0g350x_uvision.o(RESET) refers to startup_mspm0g350x_uvision.o(STACK) for __initial_sp
    startup_mspm0g350x_uvision.o(RESET) refers to startup_mspm0g350x_uvision.o(.text) for Reset_Handler
    startup_mspm0g350x_uvision.o(RESET) refers to bsp_encoder.o(.text.GROUP1_IRQHandler) for GROUP1_IRQHandler
    startup_mspm0g350x_uvision.o(RESET) refers to bsp_ir_eight.o(.text.UART0_IRQHandler) for UART0_IRQHandler
    startup_mspm0g350x_uvision.o(RESET) refers to bsp_timer.o(.text.TIMG6_IRQHandler) for TIMG6_IRQHandler
    startup_mspm0g350x_uvision.o(RESET) refers to bsp_ultrasonic.o(.text.TIMA1_IRQHandler) for TIMA1_IRQHandler
    startup_mspm0g350x_uvision.o(.text) refers (Special) to heapauxi.o(.text) for __use_two_region_memory
    startup_mspm0g350x_uvision.o(.text) refers to __main.o(!!!main) for __main
    startup_mspm0g350x_uvision.o(.text) refers to startup_mspm0g350x_uvision.o(HEAP) for Heap_Mem
    startup_mspm0g350x_uvision.o(.text) refers to startup_mspm0g350x_uvision.o(STACK) for Stack_Mem
    ti_msp_dl_config.o(.text.SYSCFG_DL_init) refers to ti_msp_dl_config.o(.text.SYSCFG_DL_initPower) for SYSCFG_DL_initPower
    ti_msp_dl_config.o(.text.SYSCFG_DL_init) refers to ti_msp_dl_config.o(.text.SYSCFG_DL_GPIO_init) for SYSCFG_DL_GPIO_init
    ti_msp_dl_config.o(.text.SYSCFG_DL_init) refers to ti_msp_dl_config.o(.text.SYSCFG_DL_SYSCTL_init) for SYSCFG_DL_SYSCTL_init
    ti_msp_dl_config.o(.text.SYSCFG_DL_init) refers to ti_msp_dl_config.o(.text.SYSCFG_DL_motor_PWM_init) for SYSCFG_DL_motor_PWM_init
    ti_msp_dl_config.o(.text.SYSCFG_DL_init) refers to ti_msp_dl_config.o(.text.SYSCFG_DL_TIMER_1ms_init) for SYSCFG_DL_TIMER_1ms_init
    ti_msp_dl_config.o(.text.SYSCFG_DL_init) refers to ti_msp_dl_config.o(.text.SYSCFG_DL_TIMER_20ms_init) for SYSCFG_DL_TIMER_20ms_init
    ti_msp_dl_config.o(.text.SYSCFG_DL_init) refers to ti_msp_dl_config.o(.text.SYSCFG_DL_UART_0_init) for SYSCFG_DL_UART_0_init
    ti_msp_dl_config.o(.text.SYSCFG_DL_init) refers to ti_msp_dl_config.o(.text.SYSCFG_DL_SYSTICK_init) for SYSCFG_DL_SYSTICK_init
    ti_msp_dl_config.o(.text.SYSCFG_DL_init) refers to ti_msp_dl_config.o(.text.SYSCFG_DL_SYSCTL_CLK_init) for SYSCFG_DL_SYSCTL_CLK_init
    ti_msp_dl_config.o(.text.SYSCFG_DL_init) refers to ti_msp_dl_config.o(.bss.gTIMER_1msBackup) for gTIMER_1msBackup
    ti_msp_dl_config.o(.text.SYSCFG_DL_init) refers to ti_msp_dl_config.o(.bss.gmotor_PWMBackup) for gmotor_PWMBackup
    ti_msp_dl_config.o(.text.SYSCFG_DL_init) refers to ti_msp_dl_config.o(.bss.gTIMER_20msBackup) for gTIMER_20msBackup
    ti_msp_dl_config.o(.ARM.exidx.text.SYSCFG_DL_init) refers to ti_msp_dl_config.o(.text.SYSCFG_DL_init) for [Anonymous Symbol]
    ti_msp_dl_config.o(.text.SYSCFG_DL_initPower) refers to dl_common.o(.text.DL_Common_delayCycles) for DL_Common_delayCycles
    ti_msp_dl_config.o(.ARM.exidx.text.SYSCFG_DL_initPower) refers to ti_msp_dl_config.o(.text.SYSCFG_DL_initPower) for [Anonymous Symbol]
    ti_msp_dl_config.o(.ARM.exidx.text.SYSCFG_DL_GPIO_init) refers to ti_msp_dl_config.o(.text.SYSCFG_DL_GPIO_init) for [Anonymous Symbol]
    ti_msp_dl_config.o(.text.SYSCFG_DL_SYSCTL_init) refers to dl_sysctl_mspm0g1x0x_g3x0x.o(.text.DL_SYSCTL_setHFCLKSourceHFXTParams) for DL_SYSCTL_setHFCLKSourceHFXTParams
    ti_msp_dl_config.o(.text.SYSCFG_DL_SYSCTL_init) refers to dl_sysctl_mspm0g1x0x_g3x0x.o(.text.DL_SYSCTL_configSYSPLL) for DL_SYSCTL_configSYSPLL
    ti_msp_dl_config.o(.text.SYSCFG_DL_SYSCTL_init) refers to dl_sysctl_mspm0g1x0x_g3x0x.o(.text.DL_SYSCTL_switchMCLKfromSYSOSCtoHSCLK) for DL_SYSCTL_switchMCLKfromSYSOSCtoHSCLK
    ti_msp_dl_config.o(.text.SYSCFG_DL_SYSCTL_init) refers to ti_msp_dl_config.o(.rodata.gSYSPLLConfig) for [Anonymous Symbol]
    ti_msp_dl_config.o(.ARM.exidx.text.SYSCFG_DL_SYSCTL_init) refers to ti_msp_dl_config.o(.text.SYSCFG_DL_SYSCTL_init) for [Anonymous Symbol]
    ti_msp_dl_config.o(.text.SYSCFG_DL_motor_PWM_init) refers to dl_timer.o(.text.DL_Timer_setClockConfig) for DL_Timer_setClockConfig
    ti_msp_dl_config.o(.text.SYSCFG_DL_motor_PWM_init) refers to dl_timer.o(.text.DL_Timer_initFourCCPWMMode) for DL_Timer_initFourCCPWMMode
    ti_msp_dl_config.o(.text.SYSCFG_DL_motor_PWM_init) refers to dl_timer.o(.text.DL_Timer_setCaptureCompareOutCtl) for DL_Timer_setCaptureCompareOutCtl
    ti_msp_dl_config.o(.text.SYSCFG_DL_motor_PWM_init) refers to dl_timer.o(.text.DL_Timer_setCaptCompUpdateMethod) for DL_Timer_setCaptCompUpdateMethod
[...]
    speed_R1_setup                           0x202007a8   Data           4  app_motor.o(.bss.speed_R1_setup)
    [Anonymous Symbol]                       0x202007a8   Section        0  app_motor.o(.bss.speed_R1_setup)
    stop_flag                                0x202007ac   Data           1  task.o(.bss.stop_flag)
    [Anonymous Symbol]                       0x202007ac   Section        0  task.o(.bss.stop_flag)
    yaw_locked                               0x202007c0   Data           1  app_straight_yaw.o(.bss.yaw_locked)
    [Anonymous Symbol]                       0x202007c0   Section        0  app_straight_yaw.o(.bss.yaw_locked)
    yaw_pid.0                                0x202007c4   Data           4  app_straight_yaw.o(.bss.yaw_pid.0)
    [Anonymous Symbol]                       0x202007c4   Section        0  app_straight_yaw.o(.bss.yaw_pid.0)
    yaw_pid.1                                0x202007c8   Data           4  app_straight_yaw.o(.bss.yaw_pid.1)
    [Anonymous Symbol]                       0x202007c8   Section        0  app_straight_yaw.o(.bss.yaw_pid.1)
    yaw_pid.2                                0x202007cc   Data           4  app_straight_yaw.o(.bss.yaw_pid.2)
    [Anonymous Symbol]                       0x202007cc   Section        0  app_straight_yaw.o(.bss.yaw_pid.2)
    yaw_pid.3                                0x202007d0   Data           4  app_straight_yaw.o(.bss.yaw_pid.3)
    [Anonymous Symbol]                       0x202007d0   Section        0  app_straight_yaw.o(.bss.yaw_pid.3)
    yaw_pid.4                                0x202007d4   Data           4  app_straight_yaw.o(.bss.yaw_pid.4)
    [Anonymous Symbol]                       0x202007d4   Section        0  app_straight_yaw.o(.bss.yaw_pid.4)
    yaw_pid.5                                0x202007d8   Data           4  app_straight_yaw.o(.bss.yaw_pid.5)
    [Anonymous Symbol]                       0x202007d8   Section        0  app_straight_yaw.o(.bss.yaw_pid.5)
    yaw_pid.6                                0x202007dc   Data           4  app_straight_yaw.o(.bss.yaw_pid.6)
    [Anonymous Symbol]                       0x202007dc   Section        0  app_straight_yaw.o(.bss.yaw_pid.6)
    Heap_Mem                                 0x202007e0   Data           0  startup_mspm0g350x_uvision.o(HEAP)
    Stack_Mem                                0x202007e0   Data        1024  startup_mspm0g350x_uvision.o(STACK)
    HEAP                                     0x202007e0   Section        0  startup_mspm0g350x_uvision.o(HEAP)
    STACK                                    0x202007e0   Section     1024  startup_mspm0g350x_uvision.o(STACK)
    __initial_sp                             0x20200be0   Data           0  startup_mspm0g350x_uvision.o(STACK)

    Global Symbols

    Symbol Name                              Value     Ov Type        Size  Object(Section)

    BuildAttributes$$THM_ISAv3M$S$PE$A:L22$X:L11$S22$IEEE1$IW$~IW$USESV6$~STKCKD$USESV7$~SHL$OTIME$ROPI$IEEEX$EBA8$UX$STANDARDLIB$REQ8$PRES8$EABIv2 0x00000000   Number         0  anon$$obj.o ABSOLUTE
    __Vectors                                0x00000000   Data           4  startup_mspm0g350x_uvision.o(RESET)
    _printf_flags                            0x00000000   Number         0  printf_stubs.o ABSOLUTE
    _printf_return_value                     0x00000000   Number         0  printf_stubs.o ABSOLUTE
    _printf_sizespec                         0x00000000   Number         0  printf_stubs.o ABSOLUTE
    _printf_widthprec                        0x00000000   Number         0  printf_stubs.o ABSOLUTE
    __ARM_exceptions_init                     - Undefined Weak Reference
    __alloca_initialize                       - Undefined Weak Reference
    __arm_preinit_                            - Undefined Weak Reference
    __arm_relocate_pie_                       - Undefined Weak Reference
    __cpp_initialize__aeabi_                  - Undefined Weak Reference
    __cxa_finalize                            - Undefined Weak Reference
    __rt_locale                               - Undefined Weak Reference
    __sigvec_lookup                           - Undefined Weak Reference
    _atexit_init                              - Undefined Weak Reference
    _call_atexit_fns                          - Undefined Weak Reference
    _clock_init                               - Undefined Weak Reference
    _fp_trap_init                             - Undefined Weak Reference
    _fp_trap_shutdown                         - Undefined Weak Reference
    _get_lc_collate                           - Undefined Weak Reference
    _get_lc_ctype                             - Undefined Weak Reference
    _get_lc_monetary                          - Undefined Weak Reference
    _get_lc_numeric                           - Undefined Weak Reference
    _get_lc_time                              - Undefined Weak Reference
    _getenv_init                              - Undefined Weak Reference
    _handle_redirection                       - Undefined Weak Reference
    _init_alloc                               - Undefined Weak Reference
    _init_user_alloc                          - Undefined Weak Reference
    _initio                                   - Undefined Weak Reference
    _mutex_acquire                            - Undefined Weak Reference
    _mutex_release                            - Undefined Weak Reference
    _printf_truncate_signed                   - Undefined Weak Reference
    _printf_truncate_unsigned                 - Undefined Weak Reference
    _rand_init                                - Undefined Weak Reference
    _signal_finish                            - Undefined Weak Reference
    _signal_init                              - Undefined Weak Reference
    _terminate_alloc                          - Undefined Weak Reference
    _terminate_user_alloc                     - Undefined Weak Reference
    _terminateio                              - Undefined Weak Reference
    __Vectors_End                            0x000000c0   Data           0  startup_mspm0g350x_uvision.o(RESET)
    __Vectors_Size                           0x000000c0   Number         0  startup_mspm0g350x_uvision.o ABSOLUTE
    __main                                   0x000000c1   Thumb Code     8  __main.o(!!!main)
    __scatterload                            0x000000c9   Thumb Code     0  __scatter.o(!!!scatter)
    __scatterload_rt2                        0x000000c9   Thumb Code    74  __scatter.o(!!!scatter)
    __scatterload_rt2_thumb_only             0x000000c9   Thumb Code     0  __scatter.o(!!!scatter)
    __scatterload_loop                       0x000000d3   Thumb Code     0  __scatter.o(!!!scatter)
    __scatterload_copy                       0x00000121   Thumb Code    26  __scatter_copy.o(!!handler_copy)
    __scatterload_null                       0x00000141   Thumb Code     2  __scatter.o(!!handler_null)
    __scatterload_zeroinit                   0x00000149   Thumb Code    28  __scatter_zi.o(!!handler_zi)
    _printf_percent                          0x00000165   Thumb Code     0  _printf_percent.o(.ARM.Collect$$_printf_percent$$00000000)
    _printf_d                                0x00000167   Thumb Code     0  _printf_d.o(.ARM.Collect$$_printf_percent$$00000009)
    _printf_x                                0x00000171   Thumb Code     0  _printf_x.o(.ARM.Collect$$_printf_percent$$0000000C)
    _printf_percent_end                      0x0000017b   Thumb Code     0  _printf_percent_end.o(.ARM.Collect$$_printf_percent$$00000017)
    __rt_lib_init                            0x0000017f   Thumb Code     0  libinit.o(.ARM.Collect$$libinit$$00000000)
    __rt_lib_init_alloca_1                   0x00000181   Thumb Code     0  libinit2.o(.ARM.Collect$$libinit$$00000030)
    __rt_lib_init_argv_1                     0x00000181   Thumb Code     0  libinit2.o(.ARM.Collect$$libinit$$0000002E)
    __rt_lib_init_atexit_1                   0x00000181   Thumb Code     0  libinit2.o(.ARM.Collect$$libinit$$0000001D)
    __rt_lib_init_clock_1                    0x00000181   Thumb Code     0  libinit2.o(.ARM.Collect$$libinit$$00000023)
    __rt_lib_init_cpp_1                      0x00000181   Thumb Code     0  libinit2.o(.ARM.Collect$$libinit$$00000034)
    __rt_lib_init_exceptions_1               0x00000181   Thumb Code     0  libinit2.o(.ARM.Collect$$libinit$$00000032)
    __rt_lib_init_fp_1                       0x00000181   Thumb Code     0  libinit2.o(.ARM.Collect$$libinit$$00000002)
    __rt_lib_init_fp_trap_1                  0x00000181   Thumb Code     0  libinit2.o(.ARM.Collect$$libinit$$00000021)
    __rt_lib_init_getenv_1                   0x00000181   Thumb Code     0  libinit2.o(.ARM.Collect$$libinit$$00000025)
    __rt_lib_init_heap_1                     0x00000181   Thumb Code     0  libinit2.o(.ARM.Collect$$libinit$$0000000C)
    __rt_lib_init_lc_collate_1               0x00000181   Thumb Code     0  libinit2.o(.ARM.Collect$$libinit$$00000013)
    __rt_lib_init_lc_ctype_1                 0x00000181   Thumb Code     0  libinit2.o(.ARM.Collect$$libinit$$00000015)
    __rt_lib_init_lc_monetary_1              0x00000181   Thumb Code     0  libinit2.o(.ARM.Collect$$libinit$$00000017)
    __rt_lib_init_lc_numeric_1               0x00000181   Thumb Code     0  libinit2.o(.ARM.Collect$$libinit$$00000019)
    __rt_lib_init_lc_time_1                  0x00000181   Thumb Code     0  libinit2.o(.ARM.Collect$$libinit$$0000001B)
    __rt_lib_init_preinit_1                  0x00000181   Thumb Code     0  libinit2.o(.ARM.Collect$$libinit$$00000006)
    __rt_lib_init_rand_1                     0x00000181   Thumb Code     0  libinit2.o(.ARM.Collect$$libinit$$00000010)
    __rt_lib_init_relocate_pie_1             0x00000181   Thumb Code     0  libinit2.o(.ARM.Collect$$libinit$$00000004)
    __rt_lib_init_return                     0x00000181   Thumb Code     0  libinit2.o(.ARM.Collect$$libinit$$00000035)
    __rt_lib_init_signal_1                   0x00000181   Thumb Code     0  libinit2.o(.ARM.Collect$$libinit$$0000001F)
    __rt_lib_init_stdio_1                    0x00000181   Thumb Code     0  libinit2.o(.ARM.Collect$$libinit$$00000027)
    __rt_lib_init_user_alloc_1               0x00000181   Thumb Code     0  libinit2.o(.ARM.Collect$$libinit$$0000000E)
    __rt_lib_shutdown                        0x00000183   Thumb Code     0  libshutdown.o(.ARM.Collect$$libshutdown$$00000000)
    __rt_lib_shutdown_cpp_1                  0x00000185   Thumb Code     0  libshutdown2.o(.ARM.Collect$$libshutdown$$00000002)
    __rt_lib_shutdown_fp_trap_1              0x00000185   Thumb Code     0  libshutdown2.o(.ARM.Collect$$libshutdown$$00000007)
    __rt_lib_shutdown_heap_1                 0x00000185   Thumb Code     0  libshutdown2.o(.ARM.Collect$$libshutdown$$0000000F)
    __rt_lib_shutdown_return                 0x00000185   Thumb Code     0  libshutdown2.o(.ARM.Collect$$libshutdown$$00000010)
    __rt_lib_shutdown_signal_1               0x00000185   Thumb Code     0  libshutdown2.o(.ARM.Collect$$libshutdown$$0000000A)
    __rt_lib_shutdown_stdio_1                0x00000185   Thumb Code     0  libshutdown2.o(.ARM.Collect$$libshutdown$$00000004)
    __rt_lib_shutdown_user_alloc_1           0x00000185   Thumb Code     0  libshutdown2.o(.ARM.Collect$$libshutdown$$0000000C)
    __rt_entry                               0x00000187   Thumb Code     0  __rtentry.o(.ARM.Collect$$rtentry$$00000000)
    __rt_entry_presh_1                       0x00000187   Thumb Code     0  __rtentry2.o(.ARM.Collect$$rtentry$$00000002)
    __rt_entry_sh                            0x00000187   Thumb Code     0  __rtentry4.o(.ARM.Collect$$rtentry$$00000004)
    __rt_entry_li                            0x0000018d   Thumb Code     0  __rtentry2.o(.ARM.Collect$$rtentry$$0000000A)
    __rt_entry_postsh_1                      0x0000018d   Thumb Code     0  __rtentry2.o(.ARM.Collect$$rtentry$$00000009)
    __rt_entry_main                          0x00000191   Thumb Code     0  __rtentry2.o(.ARM.Collect$$rtentry$$0000000D)
    __rt_entry_postli_1                      0x00000191   Thumb Code     0  __rtentry2.o(.ARM.Collect$$rtentry$$0000000C)
    __rt_exit                                0x00000199   Thumb Code     0  rtexit.o(.ARM.Collect$$rtexit$$00000000)
    __rt_exit_ls                             0x0000019b   Thumb Code     0  rtexit2.o(.ARM.Collect$$rtexit$$00000003)
    __rt_exit_prels_1                        0x0000019b   Thumb Code     0  rtexit2.o(.ARM.Collect$$rtexit$$00000002)
    __rt_exit_exit                           0x0000019f   Thumb Code     0  rtexit2.o(.ARM.Collect$$rtexit$$00000004)
    Reset_Handler                            0x000001a5   Thumb Code     4  startup_mspm0g350x_uvision.o(.text)
    NMI_Handler                              0x000001a9   Thumb Code     2  startup_mspm0g350x_uvision.o(.text)
    HardFault_Handler                        0x000001ab   Thumb Code     2  startup_mspm0g350x_uvision.o(.text)
    SVC_Handler                              0x000001ad   Thumb Code     2  startup_mspm0g350x_uvision.o(.text)
    PendSV_Handler                           0x000001af   Thumb Code     2  startup_mspm0g350x_uvision.o(.text)
    SysTick_Handler                          0x000001b1   Thumb Code     2  startup_mspm0g350x_uvision.o(.text)
    ADC0_IRQHandler                          0x000001b3   Thumb Code     0  startup_mspm0g350x_uvision.o(.text)
    ADC1_IRQHandler                          0x000001b3   Thumb Code     0  startup_mspm0g350x_uvision.o(.text)
    AES_IRQHandler                           0x000001b3   Thumb Code     0  startup_mspm0g350x_uvision.o(.text)
    CANFD0_IRQHandler                        0x000001b3   Thumb Code     0  startup_mspm0g350x_uvision.o(.text)
    DAC0_IRQHandler                          0x000001b3   Thumb Code     0  startup_mspm0g350x_uvision.o(.text)
    DMA_IRQHandler                           0x000001b3   Thumb Code     0  startup_mspm0g350x_uvision.o(.text)
    Default_Handler                          0x000001b3   Thumb Code     2  startup_mspm0g350x_uvision.o(.text)
    GROUP0_IRQHandler                        0x000001b3   Thumb Code     0  startup_mspm0g350x_uvision.o(.text)
    I2C0_IRQHandler                          0x000001b3   Thumb Code     0  startup_mspm0g350x_uvision.o(.text)
    I2C1_IRQHandler                          0x000001b3   Thumb Code     0  startup_mspm0g350x_uvision.o(.text)
    RTC_IRQHandler                           0x000001b3   Thumb Code     0  startup_mspm0g350x_uvision.o(.text)
    SPI0_IRQHandler                          0x000001b3   Thumb Code     0  startup_mspm0g350x_uvision.o(.text)
    SPI1_IRQHandler                          0x000001b3   Thumb Code     0  startup_mspm0g350x_uvision.o(.text)
    TIMA0_IRQHandler                         0x000001b3   Thumb Code     0  startup_mspm0g350x_uvision.o(.text)
    TIMG0_IRQHandler                         0x000001b3   Thumb Code     0  startup_mspm0g350x_uvision.o(.text)
    TIMG12_IRQHandler                        0x000001b3   Thumb Code     0  startup_mspm0g350x_uvision.o(.text)
    TIMG7_IRQHandler                         0x000001b3   Thumb Code     0  startup_mspm0g350x_uvision.o(.text)
    TIMG8_IRQHandler                         0x000001b3   Thumb Code     0  startup_mspm0g350x_uvision.o(.text)
    UART1_IRQHandler                         0x000001b3   Thumb Code     0  startup_mspm0g350x_uvision.o(.text)
    UART2_IRQHandler                         0x000001b3   Thumb Code     0  startup_mspm0g350x_uvision.o(.text)
    UART3_IRQHandler                         0x000001b3   Thumb Code     0  startup_mspm0g350x_uvision.o(.text)
    __user_initial_stackheap                 0x000001b5   Thumb Code    10  startup_mspm0g350x_uvision.o(.text)
    __2printf                                0x000001d1   Thumb Code    22  noretval__2printf.o(.text)
    __2sprintf                               0x000001ed   Thumb Code    36  noretval__2sprintf.o(.text)
    _printf_pre_padding                      0x00000215   Thumb Code    44  _printf_pad.o(.text)
    _printf_post_padding                     0x00000241   Thumb Code    34  _printf_pad.o(.text)
    _printf_int_dec                          0x00000265   Thumb Code    90  _printf_dec.o(.text)
    _printf_int_hex                          0x000002d1   Thumb Code    84  _printf_hex_int.o(.text)
    _printf_longlong_hex                     0x000002d1   Thumb Code     0  _printf_hex_int.o(.text)
    __printf                                 0x00000329   Thumb Code   306  __printf_flags_wp.o(.text)
    strtok                                   0x00000461   Thumb Code    10  strtok.o(.text)
    strchr                                   0x00000471   Thumb Code    20  strchr.o(.text)
    memcmp                                   0x00000485   Thumb Code    90  memcmp.o(.text)
    strlen                                   0x000004e1   Thumb Code    62  strlen.o(.text)
    _memset_w                                0x00000525   Thumb Code    26  rt_memclr.o(.text)
    _memset                                  0x0000053f   Thumb Code    30  rt_memclr.o(.text)
    __aeabi_memclr                           0x0000055d   Thumb Code     4  rt_memclr.o(.text)
    __rt_memclr                              0x0000055d   Thumb Code     0  rt_memclr.o(.text)
    __aeabi_memclr4                          0x00000561   Thumb Code     0  rt_memclr.o(.text)
    __aeabi_memclr8                          0x00000561   Thumb Code     0  rt_memclr.o(.text)
    __rt_memclr_w                            0x00000561   Thumb Code     4  rt_memclr.o(.text)
    strncpy                                  0x00000565   Thumb Code   104  strncpy.o(.text)
    __aeabi_uidivmod                         0x000005d1   Thumb Code    28  aeabi_sdivfast.o(.text)
    __aeabi_idivmod                          0x000005ed   Thumb Code   472  aeabi_sdivfast.o(.text)
    __use_two_region_memory                  0x000007c9   Thumb Code     2  heapauxi.o(.text)
    __rt_heap_escrow$2region                 0x000007cb   Thumb Code     2  heapauxi.o(.text)
    __rt_heap_expand$2region                 0x000007cd   Thumb Code     2  heapauxi.o(.text)
    __aeabi_d2f                              0x000007d1   Thumb Code     0  d2f.o(.text)
    __truncdfsf2                             0x000007d1   Thumb Code     0  d2f.o(.text)
    _d2f                                     0x000007d1   Thumb Code   120  d2f.o(.text)
    __adddf3                                 0x00000b45   Thumb Code     0  daddsub.o(.text)
    __aeabi_dadd                             0x00000b45   Thumb Code     0  daddsub.o(.text)
    _dadd                                    0x00000b45   Thumb Code    26  daddsub.o(.text)
    __aeabi_dsub                             0x00000b5f   Thumb Code     0  daddsub.o(.text)
    __subdf3                                 0x00000b5f   Thumb Code     0  daddsub.o(.text)
    _dsub                                    0x00000b5f   Thumb Code    22  daddsub.o(.text)
    __aeabi_drsub                            0x00000b75   Thumb Code     0  daddsub.o(.text)
    _drsb                                    0x00000b75   Thumb Code    28  daddsub.o(.text)
    __aeabi_ddiv                             0x00000ba5   Thumb Code     0  ddiv.o(.text)
    __divdf3                                 0x00000ba5   Thumb Code     0  ddiv.o(.text)
    _ddiv                                    0x00000ba5   Thumb Code  1072  ddiv.o(.text)
    _drdiv                                   0x00000fd5   Thumb Code    20  ddiv.o(.text)
    __aeabi_dmul                             0x00000fed   Thumb Code     0  dmul.o(.text)
    __muldf3                                 0x00000fed   Thumb Code     0  dmul.o(.text)
    _dmul                                    0x00000fed   Thumb Code   558  dmul.o(.text)
    __aeabi_f2d                              0x00001235   Thumb Code     0  f2d.o(.text)
    __extendsfdf2                            0x00001235   Thumb Code     0  f2d.o(.text)
    _f2d                                     0x00001235   Thumb Code    80  f2d.o(.text)
    __aeabi_fdiv                             0x00001289   Thumb Code     0  fdiv.o(.text)
    __divsf3                                 0x00001289   Thumb Code     0  fdiv.o(.text)
    _fdiv                                    0x00001289   Thumb Code   334  fdiv.o(.text)
    _frdiv                                   0x000013d7   Thumb Code     8  fdiv.o(.text)
    __aeabi_f2iz                             0x000013e9   Thumb Code     0  ffixi.o(.text)
    _ffix                                    0x000013e9   Thumb Code    76  ffixi.o(.text)
    __aeabi_i2f_normalise                    0x00001435   Thumb Code    72  fflti.o(.text)
    __aeabi_i2f                              0x0000147d   Thumb Code    16  fflti.o(.text)
    _fflt                                    0x0000147d   Thumb Code     0  fflti.o(.text)
    __aeabi_ui2f                             0x0000148d   Thumb Code     6  fflti.o(.text)
    _ffltu                                   0x0000148d   Thumb Code     0  fflti.o(.text)
    __read_errno                             0x00001493   Thumb Code    10  _rserrno.o(.text)
    __set_errno                              0x0000149d   Thumb Code    12  _rserrno.o(.text)
    _printf_int_common                       0x000014a9   Thumb Code   176  _printf_intcommon.o(.text)
    _printf_char_common                      0x00001563   Thumb Code    32  _printf_char_common.o(.text)
    _sputc                                   0x00001589   Thumb Code    10  _sputc.o(.text)
    _printf_char_file                        0x00001595   Thumb Code    34  _printf_char_file.o(.text)
    __strtok_internal                        0x000015bd   Thumb Code    66  strtok_int.o(.text)
    __rt_udiv10                              0x00001605   Thumb Code    40  rtudiv10.o(.text)
    __ARM_scalbn                             0x0000162d   Thumb Code    84  dscalbn.o(.text)
    __aeabi_errno_addr                       0x0000168d   Thumb Code     8  rt_errno_addr_intlibspace.o(.text)
    __errno$intlibspace                      0x0000168d   Thumb Code     0  rt_errno_addr_intlibspace.o(.text)
    __rt_errno_addr$intlibspace              0x0000168d   Thumb Code     0  rt_errno_addr_intlibspace.o(.text)
    ferror                                   0x00001695   Thumb Code     8  ferror.o(.text)
    strcspn                                  0x0000169d   Thumb Code    34  strcspn.o(.text)
    strspn                                   0x000016bf   Thumb Code    32  strspn.o(.text)
    __fpl_dcmp_InfNaN                        0x000016e1   Thumb Code   154  dcmpin.o(.text)
    _dsqrt                                   0x00001781   Thumb Code   248  dsqrt.o(.text)
    __fpl_fcmp_InfNaN                        0x00001881   Thumb Code    96  fcmpin.o(.text)
    __user_libspace                          0x000018e5   Thumb Code     8  libspace.o(.text)
    __user_perproc_libspace                  0x000018e5   Thumb Code     0  libspace.o(.text)
    __user_perthread_libspace                0x000018e5   Thumb Code     0  libspace.o(.text)
    __user_setup_stackheap                   0x000018ed   Thumb Code    62  sys_stackheap_outer.o(.text)
    exit                                     0x0000192b   Thumb Code    16  exit.o(.text)
    __fpl_cmpreturn                          0x0000193b   Thumb Code    46  cmpret.o(.text)
    __fpl_dcheck_NaN2                        0x00001969   Thumb Code    14  dnan2.o(.text)
    __fpl_fcheck_NaN2                        0x0000197d   Thumb Code    10  fnan2.o(.text)
    __fpl_return_NaN                         0x0000198d   Thumb Code    94  retnan.o(.text)
    DL_Common_delayCycles                    0x000019eb   Thumb Code    10  dl_common.o(.text.DL_Common_delayCycles)
    DL_SYSCTL_configSYSPLL                   0x000019f5   Thumb Code   220  dl_sysctl_mspm0g1x0x_g3x0x.o(.text.DL_SYSCTL_configSYSPLL)
    DL_SYSCTL_setHFCLKSourceHFXTParams       0x00001ae1   Thumb Code   100  dl_sysctl_mspm0g1x0x_g3x0x.o(.text.DL_SYSCTL_setHFCLKSourceHFXTParams)
    DL_SYSCTL_switchMCLKfromSYSOSCtoHSCLK    0x00001b49   Thumb Code    72  dl_sysctl_mspm0g1x0x_g3x0x.o(.text.DL_SYSCTL_switchMCLKfromSYSOSCtoHSCLK)
    DL_Timer_initFourCCPWMMode               0x00001b99   Thumb Code   256  dl_timer.o(.text.DL_Timer_initFourCCPWMMode)
    DL_Timer_initTimerMode                   0x00001cad   Thumb Code   224  dl_timer.o(.text.DL_Timer_initTimerMode)
    DL_Timer_setCaptCompUpdateMethod         0x00001d99   Thumb Code    24  dl_timer.o(.text.DL_Timer_setCaptCompUpdateMethod)
    DL_Timer_setCaptureCompareOutCtl         0x00001db5   Thumb Code    20  dl_timer.o(.text.DL_Timer_setCaptureCompareOutCtl)
    DL_Timer_setCaptureCompareValue          0x00001dcd   Thumb Code    12  dl_timer.o(.text.DL_Timer_setCaptureCompareValue)
    DL_Timer_setClockConfig                  0x00001ddd   Thumb Code    24  dl_timer.o(.text.DL_Timer_setClockConfig)
    DL_UART_init                             0x00001df9   Thumb Code    64  dl_uart.o(.text.DL_UART_init)
    DL_UART_setClockConfig                   0x00001e41   Thumb Code    18  dl_uart.o(.text.DL_UART_setClockConfig)
    DMP_Init                                 0x00001e55   Thumb Code   148  bsp_mpu6050.o(.text.DMP_Init)
    Encoder_Get_ALL                          0x00001f0d   Thumb Code    16  bsp_encoder.o(.text.Encoder_Get_ALL)
    Encoder_Init                             0x00001f1d   Thumb Code    16  bsp_encoder.o(.text.Encoder_Init)
    Encoder_Update                           0x00001f2d   Thumb Code    60  bsp_encoder.o(.text.Encoder_Update)
    GROUP1_IRQHandler                        0x00001f71   Thumb Code   180  bsp_encoder.o(.text.GROUP1_IRQHandler)
    Get_Time                                 0x0000203d   Thumb Code     8  bsp_ultrasonic.o(.text.Get_Time)
    IR_DataAnalysis                          0x00002049   Thumb Code   384  bsp_ir_eight.o(.text.IR_DataAnalysis)
    IR_UART_Init                             0x000021f5   Thumb Code    16  bsp_ir_eight.o(.text.IR_UART_Init)
    Init_Motor_PWM                           0x0000220d   Thumb Code    12  bsp_motor.o(.text.Init_Motor_PWM)
    Key2_is_Press                            0x0000221d   Thumb Code    16  key.o(.text.Key2_is_Press)
    Key3_is_Press                            0x0000222d   Thumb Code    16  key.o(.text.Key3_is_Press)
    Key_Scan                                 0x0000223d   Thumb Code   124  key.o(.text.Key_Scan)
    MPU6050_Init                             0x000022c5   Thumb Code   388  bsp_mpu6050.o(.text.MPU6050_Init)
    MPU6050_ReadData                         0x00002471   Thumb Code   352  bsp_mpu6050.o(.text.MPU6050_ReadData)
    MPU6050_WaitAck                          0x000025d1   Thumb Code   224  bsp_mpu6050.o(.text.MPU6050_WaitAck)
    MPU6050_WriteReg                         0x000026b9   Thumb Code   236  bsp_mpu6050.o(.text.MPU6050_WriteReg)
    MPU_Read_Byte                            0x000027a5   Thumb Code   148  bsp_mpu6050.o(.text.MPU_Read_Byte)
    MPU_Send_Byte                            0x00002841   Thumb Code   332  bsp_mpu6050.o(.text.MPU_Send_Byte)
    Motion_Car_Control                       0x00002995   Thumb Code   168  app_motor.o(.text.Motion_Car_Control)
    Motion_Get_Speed                         0x00002a49   Thumb Code   176  app_motor.o(.text.Motion_Get_Speed)
    Motion_Handle                            0x00002b15   Thumb Code    64  app_motor.o(.text.Motion_Handle)
    Motion_Stop                              0x00002b59   Thumb Code    68  app_motor.o(.text.Motion_Stop)
    Motor_PID_Cal                            0x00002ba5   Thumb Code   188  my_motor_pid.o(.text.Motor_PID_Cal)
    Motor_PID_Init                           0x00002c61   Thumb Code    30  my_motor_pid.o(.text.Motor_PID_Init)
    Motor_PID_Reset                          0x00002c7f   Thumb Code    20  my_motor_pid.o(.text.Motor_PID_Reset)
    Motor_SetActualSpeed                     0x00002c93   Thumb Code     4  my_motor_pid.o(.text.Motor_SetActualSpeed)
    Motor_Set_TargetSpeed                    0x00002c97   Thumb Code    10  my_motor_pid.o(.text.Motor_Set_TargetSpeed)
    Motor_Stop                               0x00002ca1   Thumb Code    56  bsp_motor.o(.text.Motor_Stop)
    Motors_Init                              0x00002ce1   Thumb Code    60  app_motor.o(.text.Motors_Init)
    OLED_Clear                               0x00002d31   Thumb Code   812  oled.o(.text.OLED_Clear)
    OLED_Draw_Line                           0x00003061   Thumb Code  1336  oled.o(.text.OLED_Draw_Line)
    OLED_Init                                0x0000359d   Thumb Code  1856  oled.o(.text.OLED_Init)
    OLED_Refresh                             0x00003cf1   Thumb Code   248  oled.o(.text.OLED_Refresh)
    OLED_ShowChar                            0x00003ded   Thumb Code   540  oled.o(.text.OLED_ShowChar)
    OLED_ShowNum                             0x0000401d   Thumb Code   172  oled.o(.text.OLED_ShowNum)
    OLED_ShowNum_Grid                        0x000040c9   Thumb Code   768  oled.o(.text.OLED_ShowNum_Grid)
    OLED_ShowSNum_Grid                       0x000043d5   Thumb Code  1352  oled.o(.text.OLED_ShowSNum_Grid)
    OLED_ShowString                          0x00004929   Thumb Code    80  oled.o(.text.OLED_ShowString)
    OLED_ShowString_Center                   0x00004979   Thumb Code    76  oled.o(.text.OLED_ShowString_Center)
    OLED_ShowString_Grid                     0x000049c5   Thumb Code   664  oled.o(.text.OLED_ShowString_Grid)
    OLED_WR_Byte                             0x00004c65   Thumb Code   156  oled.o(.text.OLED_WR_Byte)
    PID_Clear_Motor                          0x00004d05   Thumb Code    56  bsp_pid_motor.o(.text.PID_Clear_Motor)
    PWM_Control_Car                          0x00004d41   Thumb Code   164  bsp_motor.o(.text.PWM_Control_Car)
    Read_Byte                                0x00004df1   Thumb Code   312  bsp_mpu6050.o(.text.Read_Byte)
    Reset_flag                               0x00004f35   Thumb Code    16  task.o(.text.Reset_flag)
    SYSCFG_DL_GPIO_init                      0x00004f51   Thumb Code   184  ti_msp_dl_config.o(.text.SYSCFG_DL_GPIO_init)
    SYSCFG_DL_SYSCTL_CLK_init                0x00005049   Thumb Code    40  ti_msp_dl_config.o(.text.SYSCFG_DL_SYSCTL_CLK_init)
    SYSCFG_DL_SYSCTL_init                    0x00005079   Thumb Code   108  ti_msp_dl_config.o(.text.SYSCFG_DL_SYSCTL_init)
    SYSCFG_DL_SYSTICK_init                   0x000050f5   Thumb Code    24  ti_msp_dl_config.o(.text.SYSCFG_DL_SYSTICK_init)
    SYSCFG_DL_TIMER_1ms_init                 0x00005111   Thumb Code    56  ti_msp_dl_config.o(.text.SYSCFG_DL_TIMER_1ms_init)
    SYSCFG_DL_TIMER_20ms_init                0x0000515d   Thumb Code    52  ti_msp_dl_config.o(.text.SYSCFG_DL_TIMER_20ms_init)
    SYSCFG_DL_UART_0_init                    0x000051a9   Thumb Code   104  ti_msp_dl_config.o(.text.SYSCFG_DL_UART_0_init)
    SYSCFG_DL_init                           0x0000522d   Thumb Code    60  ti_msp_dl_config.o(.text.SYSCFG_DL_init)
    SYSCFG_DL_initPower                      0x00005275   Thumb Code    52  ti_msp_dl_config.o(.text.SYSCFG_DL_initPower)
    SYSCFG_DL_motor_PWM_init                 0x000052c9   Thumb Code   192  ti_msp_dl_config.o(.text.SYSCFG_DL_motor_PWM_init)
    Schedule_Run                             0x00005399   Thumb Code    32  task.o(.text.Schedule_Run)
    Send_Byte                                0x000053bd   Thumb Code   264  oled.o(.text.Send_Byte)
    StraightLineWalk_IMU                     0x000054c9   Thumb Code   488  app_straight_yaw.o(.text.StraightLineWalk_IMU)
    StraightLineWalk_IMU_Init                0x000056e9   Thumb Code    48  app_straight_yaw.o(.text.StraightLineWalk_IMU_Init)
    StraightLineWalk_IMU_Reset               0x00005741   Thumb Code    16  app_straight_yaw.o(.text.StraightLineWalk_IMU_Reset)
    TIMA1_IRQHandler                         0x00005755   Thumb Code    32  bsp_ultrasonic.o(.text.TIMA1_IRQHandler)
    TIMG6_IRQHandler                         0x00005781   Thumb Code    56  bsp_timer.o(.text.TIMG6_IRQHandler)
    Timer_20ms_Init                          0x000057c5   Thumb Code    24  bsp_timer.o(.text.Timer_20ms_Init)
    UART0_IRQHandler                         0x000057e1   Thumb Code    64  bsp_ir_eight.o(.text.UART0_IRQHandler)
    Ultrasonic_Init                          0x00005835   Thumb Code    24  bsp_ultrasonic.o(.text.Ultrasonic_Init)
    Yaw_lock                                 0x00005859   Thumb Code     8  app_straight_yaw.o(.text.Yaw_lock)
    _sys_exit                                0x00005865   Thumb Code     2  uart0.o(.text._sys_exit)
    black_control                            0x00005869   Thumb Code   332  task.o(.text.black_control)
    bsp_Init                                 0x000059f5   Thumb Code    84  bsp.o(.text.bsp_Init)
    deal_IRdata                              0x00005a59   Thumb Code    48  app_irtracking_eight.o(.text.deal_IRdata)
    delay_ms                                 0x00005a8d   Thumb Code   448  delay.o(.text.delay_ms)
    delay_us                                 0x00005c51   Thumb Code    68  delay.o(.text.delay_us)
    dmp_enable_feature                       0x00005c99   Thumb Code   644  inv_mpu_dmp_motion_driver.o(.text.dmp_enable_feature)
    dmp_load_motion_driver_firmware          0x00005f3d   Thumb Code    20  inv_mpu_dmp_motion_driver.o(.text.dmp_load_motion_driver_firmware)
    dmp_read_fifo                            0x00005f59   Thumb Code   404  inv_mpu_dmp_motion_driver.o(.text.dmp_read_fifo)
    dmp_set_fifo_rate                        0x000060fd   Thumb Code    84  inv_mpu_dmp_motion_driver.o(.text.dmp_set_fifo_rate)
    dmp_set_orientation                      0x00006169   Thumb Code   192  inv_mpu_dmp_motion_driver.o(.text.dmp_set_orientation)
    dmp_set_tap_thresh                       0x00006241   Thumb Code   288  inv_mpu_dmp_motion_driver.o(.text.dmp_set_tap_thresh)
    fputc                                    0x00006375   Thumb Code    32  uart0.o(.text.fputc)
    inv_orientation_matrix_to_scalar         0x00006399   Thumb Code   188  inv_mpu.o(.text.inv_orientation_matrix_to_scalar)
    main                                     0x00006455   Thumb Code   216  main.o(.text.main)
    mget_ms                                  0x0000656d   Thumb Code     2  inv_mpu.o(.text.mget_ms)
    mpu_configure_fifo                       0x00006571   Thumb Code   164  inv_mpu.o(.text.mpu_configure_fifo)
    mpu_dmp_get_data                         0x00006615   Thumb Code   448  inv_mpu.o(.text.mpu_dmp_get_data)
    mpu_dmp_init                             0x000067dd   Thumb Code   228  inv_mpu.o(.text.mpu_dmp_init)
    mpu_get_accel_fsr                        0x000068c5   Thumb Code    40  inv_mpu.o(.text.mpu_get_accel_fsr)
    mpu_init                                 0x000068f9   Thumb Code   324  inv_mpu.o(.text.mpu_init)
    mpu_load_firmware                        0x00006a91   Thumb Code   296  inv_mpu.o(.text.mpu_load_firmware)
    mpu_lp_accel_mode                        0x00006bbd   Thumb Code   484  inv_mpu.o(.text.mpu_lp_accel_mode)
    mpu_read_fifo_stream                     0x00006da1   Thumb Code   160  inv_mpu.o(.text.mpu_read_fifo_stream)
    mpu_reset_fifo                           0x00006e45   Thumb Code   328  inv_mpu.o(.text.mpu_reset_fifo)
    mpu_set_accel_fsr                        0x00006f91   Thumb Code    96  inv_mpu.o(.text.mpu_set_accel_fsr)
    mpu_set_bypass                           0x00006ff9   Thumb Code   236  inv_mpu.o(.text.mpu_set_bypass)
    mpu_set_dmp_state                        0x000070e9   Thumb Code   204  inv_mpu.o(.text.mpu_set_dmp_state)
    mpu_set_lpf                              0x000071b5   Thumb Code   112  inv_mpu.o(.text.mpu_set_lpf)
    mpu_set_sample_rate                      0x00007229   Thumb Code   212  inv_mpu.o(.text.mpu_set_sample_rate)
    mpu_set_sensors                          0x00007301   Thumb Code   208  inv_mpu.o(.text.mpu_set_sensors)
    mpu_write_mem                            0x000073d5   Thumb Code   104  inv_mpu.o(.text.mpu_write_mem)
    puts                                     0x00007441   Thumb Code   292  uart0.o(.text.puts)
    switch_mode                              0x00007565   Thumb Code   224  key.o(.text.switch_mode)
    test_turn_simple                         0x00007669   Thumb Code   340  task.o(.text.test_turn_simple)
    uart0_send_string                        0x000077e1   Thumb Code    56  uart0.o(.text.uart0_send_string)
    __aeabi_uidiv                            0x0000781d   Thumb Code    68  aeabi_sdivfast.o(.text_divfast)
    __aeabi_idiv                             0x00007861   Thumb Code   434  aeabi_sdivfast.o(.text_divfast)
    __ARM_fpclassify                         0x00007a15   Thumb Code    40  fpclassify.o(i.__ARM_fpclassify)
    __kernel_poly                            0x00007a41   Thumb Code   172  poly.o(i.__kernel_poly)
    __mathlib_dbl_infnan                     0x00007aed   Thumb Code    10  dunder.o(i.__mathlib_dbl_infnan)
    __mathlib_dbl_infnan2                    0x00007af7   Thumb Code     8  dunder.o(i.__mathlib_dbl_infnan2)
    __mathlib_dbl_invalid                    0x00007aff   Thumb Code    16  dunder.o(i.__mathlib_dbl_invalid)
    __mathlib_dbl_underflow                  0x00007b11   Thumb Code    14  dunder.o(i.__mathlib_dbl_underflow)
    __aeabi_fcmpge                           0x00007b25   Thumb Code     0  fcmp.o(i._fgeq)
    _fgeq                                    0x00007b25   Thumb Code    22  fcmp.o(i._fgeq)
    __aeabi_fcmpgt                           0x00007b3b   Thumb Code     0  fcmp.o(i._fgr)
    _fgr                                     0x00007b3b   Thumb Code    22  fcmp.o(i._fgr)
    __aeabi_fcmple                           0x00007b51   Thumb Code     0  fcmp.o(i._fleq)
    _fleq                                    0x00007b51   Thumb Code    26  fcmp.o(i._fleq)
    __aeabi_fcmplt                           0x00007b6b   Thumb Code     0  fcmp.o(i._fls)
    _fls                                     0x00007b6b   Thumb Code    22  fcmp.o(i._fls)
    _is_digit                                0x00007b81   Thumb Code    14  __printf_wp.o(i._is_digit)
    asin                                     0x00007b91   Thumb Code   574  asin.o(i.asin)
    atan                                     0x00007e05   Thumb Code   472  atan.o(i.atan)
    atan2                                    0x00008021   Thumb Code   372  atan2.o(i.atan2)
    sqrt                                     0x000081bd   Thumb Code    66  sqrt.o(i.sqrt)
    __aeabi_cdcmpeq                          0x00008205   Thumb Code     0  deqf.o(x$fpl$deqf)
    _dcmpeq                                  0x00008205   Thumb Code    94  deqf.o(x$fpl$deqf)
    __aeabi_fadd                             0x00008269   Thumb Code     0  faddsub.o(x$fpl$fadd)
    _fadd                                    0x00008269   Thumb Code   134  faddsub.o(x$fpl$fadd)
    _fcmpge                                  0x000082f5   Thumb Code    78  fgef.o(x$fpl$fgeqf)
    __aeabi_cfcmple                          0x00008349   Thumb Code     0  flef.o(x$fpl$fleqf)
    _fcmple                                  0x00008349   Thumb Code    78  flef.o(x$fpl$fleqf)
    __aeabi_fmul                             0x0000839d   Thumb Code     0  fmul.o(x$fpl$fmul)
    _fmul                                    0x0000839d   Thumb Code   172  fmul.o(x$fpl$fmul)
    __aeabi_fsub                             0x0000844d   Thumb Code     0  faddsub.o(x$fpl$fsub)
    _fsub                                    0x0000844d   Thumb Code   204  faddsub.o(x$fpl$fsub)
    __I$use$fp                               0x0000851c   Number         0  usenofp.o(x$fpl$usenofp)
    __mathlib_zero                           0x00008700   Data           8  qnan.o(.constdata)
    asc2_0806                                0x0000870e   Data         552  oled.o(.rodata.asc2_0806)
    asc2_1206                                0x00008936   Data        1140  oled.o(.rodata.asc2_1206)
    asc2_1608                                0x00008daa   Data        1520  oled.o(.rodata.asc2_1608)
    asc2_2412                                0x0000939a   Data        3420  oled.o(.rodata.asc2_2412)
    hw                                       0x0000ad74   Data          12  inv_mpu.o(.rodata.hw)
    reg                                      0x0000ad80   Data          27  inv_mpu.o(.rodata.reg)
    test                                     0x0000ae24   Data          40  inv_mpu.o(.rodata.test)
    Region$$Table$$Base                      0x0000ae50   Number         0  anon$$obj.o(Region$$Table)
    Region$$Table$$Limit                     0x0000ae70   Number         0  anon$$obj.o(Region$$Table)
    Vz_Bias                                  0x20200004   Data           4  app_straight_yaw.o(.data.Vz_Bias)
    g_IR_track_speed                         0x20200008   Data           4  app_irtracking_eight.o(.data.g_IR_track_speed)
    tasks                                    0x20200044   Data          16  task.o(.data.tasks)
    __libspace_start                         0x20200058   Data          96  libspace.o(.bss)
    Encoder_L                                0x202000b8   Data           4  bsp_encoder.o(.bss.Encoder_L)
    __temporary_stack_top$libspace           0x202000b8   Data           0  libspace.o(.bss)
    Encoder_R                                0x202000bc   Data           4  bsp_encoder.o(.bss.Encoder_R)
    IR_Data_Number                           0x202000c0   Data           8  bsp_ir_eight.o(.bss.IR_Data_Number)
    IR_recv0_buff                            0x202000c8   Data         200  bsp_ir_eight.o(.bss.IR_recv0_buff)
    IR_recv0_complete_flag                   0x20200190   Data           1  bsp_ir_eight.o(.bss.IR_recv0_complete_flag)
    IR_recv0_length                          0x20200192   Data           2  bsp_ir_eight.o(.bss.IR_recv0_length)
    OLED_GRAM                                0x20200195   Data         576  oled.o(.bss.OLED_GRAM)
    __stdout                                 0x202003d8   Data          84  uart0.o(.bss.__stdout)
    black_line_count                         0x20200438   Data           1  task.o(.bss.black_line_count)
    car_data                                 0x2020043a   Data           6  app_motor.o(.bss.car_data)
    gTIMER_1msBackup                         0x20200454   Data         188  ti_msp_dl_config.o(.bss.gTIMER_1msBackup)
    gTIMER_20msBackup                        0x20200510   Data         160  ti_msp_dl_config.o(.bss.gTIMER_20msBackup)
    g_Encoder_All_Last                       0x202005b0   Data           8  app_motor.o(.bss.g_Encoder_All_Last)
    g_Encoder_All_Now                        0x202005b8   Data           8  app_motor.o(.bss.g_Encoder_All_Now)
    g_Encoder_All_Offset                     0x202005c0   Data           8  app_motor.o(.bss.g_Encoder_All_Offset)
    g_encoder_irq_count                      0x202005c8   Data           4  bsp_encoder.o(.bss.g_encoder_irq_count)
    g_start_ctrl                             0x202005cc   Data           1  app_motor.o(.bss.g_start_ctrl)
    g_yaw_adjust                             0x202005cd   Data           1  app_motor.o(.bss.g_yaw_adjust)
    gled_cnt                                 0x202005d4   Data           1  bsp_timer.o(.bss.gled_cnt)
    gmotor_PWMBackup                         0x202005d8   Data         188  ti_msp_dl_config.o(.bss.gmotor_PWMBackup)
    motor_pid                                0x202006bc   Data         120  my_motor_pid.o(.bss.motor_pid)
    msHcCount                                0x20200734   Data           4  bsp_ultrasonic.o(.bss.msHcCount)
    oledbuf                                  0x20200738   Data          20  bsp_ir_eight.o(.bss.oledbuf)
    pid_motor                                0x2020074c   Data          80  bsp_pid_motor.o(.bss.pid_motor)
    pitch                                    0x2020079c   Data           4  get_mpu6050.o(.bss.pitch)
    roll                                     0x202007a0   Data           4  get_mpu6050.o(.bss.roll)
    systick_counter                          0x202007b0   Data           4  bsp_ultrasonic.o(.bss.systick_counter)
    target_yaw                               0x202007b4   Data           4  app_straight_yaw.o(.bss.target_yaw)
    turn_adjust                              0x202007b8   Data           1  task.o(.bss.turn_adjust)
    yaw                                      0x202007bc   Data           4  get_mpu6050.o(.bss.yaw)



==============================================================================

Memory Map of the image

  Image Entry point : 0x000000c1

  Load Region LR_IROM1 (Base: 0x00000000, Size: 0x0000aec8, Max: 0x00020000, ABSOLUTE)

    Execution Region ER_IROM1 (Exec base: 0x00000000, Load base: 0x00000000, Size: 0x0000ae70, Max: 0x00020000, ABSOLUTE)

    Exec Addr    Load Addr    Size         Type   Attr      Idx    E Section Name        Object

    0x00000000   0x00000000   0x000000c0   Data   RO            3    RESET               startup_mspm0g350x_uvision.o
    0x000000c0   0x000000c0   0x00000008   Code   RO         1690  * !!!main             c_p.l(__main.o)
    0x000000c8   0x000000c8   0x00000054   Code   RO         2013    !!!scatter          c_p.l(__scatter.o)
    0x0000011c   0x0000011c   0x00000004   PAD
    0x00000120   0x00000120   0x0000001a   Code   RO         2017    !!handler_copy      c_p.l(__scatter_copy.o)
    0x0000013a   0x0000013a   0x00000006   PAD
    0x00000140   0x00000140   0x00000002   Code   RO         2014    !!handler_null      c_p.l(__scatter.o)
    0x00000142   0x00000142   0x00000006   PAD
    0x00000148   0x00000148   0x0000001c   Code   RO         2019    !!handler_zi        c_p.l(__scatter_zi.o)
    0x00000164   0x00000164   0x00000002   Code   RO         1666    .ARM.Collect$$_printf_percent$$00000000  c_p.l(_printf_percent.o)
    0x00000166   0x00000166   0x0000000a   Code   RO         1665    .ARM.Collect$$_printf_percent$$00000009  c_p.l(_printf_d.o)
    0x00000170   0x00000170   0x0000000a   Code   RO         1664    .ARM.Collect$$_printf_percent$$0000000C  c_p.l(_printf_x.o)
    0x0000017a   0x0000017a   0x00000004   Code   RO         1774    .ARM.Collect$$_printf_percent$$00000017  c_p.l(_printf_percent_end.o)
    0x0000017e   0x0000017e   0x00000002   Code   RO         1873    .ARM.Collect$$libinit$$00000000  c_p.l(libinit.o)
    0x00000180   0x00000180   0x00000000   Code   RO         1890    .ARM.Collect$$libinit$$00000002  c_p.l(libinit2.o)
    0x00000180   0x00000180   0x00000000   Code   RO         1892    .ARM.Collect$$libinit$$00000004  c_p.l(libinit2.o)
    0x00000180   0x00000180   0x00000000   Code   RO         1894    .ARM.Collect$$libinit$$00000006  c_p.l(libinit2.o)
    0x00000180   0x00000180   0x00000000   Code   RO         1897    .ARM.Collect$$libinit$$0000000C  c_p.l(libinit2.o)
    0x00000180   0x00000180   0x00000000   Code   RO         1899    .ARM.Collect$$libinit$$0000000E  c_p.l(libinit2.o)
    0x00000180   0x00000180   0x00000000   Code   RO         1901    .ARM.Collect$$libinit$$00000010  c_p.l(libinit2.o)
    0x00000180   0x00000180   0x00000000   Code   RO         1904    .ARM.Collect$$libinit$$00000013  c_p.l(libinit2.o)
    0x00000180   0x00000180   0x00000000   Code   RO         1906    .ARM.Collect$$libinit$$00000015  c_p.l(libinit2.o)
    0x00000180   0x00000180   0x00000000   Code   RO         1908    .ARM.Collect$$libinit$$00000017  c_p.l(libinit2.o)
    0x00000180   0x00000180   0x00000000   Code   RO         1910    .ARM.Collect$$libinit$$00000019  c_p.l(libinit2.o)
    0x00000180   0x00000180   0x00000000   Code   RO         1912    .ARM.Collect$$libinit$$0000001B  c_p.l(libinit2.o)
    0x00000180   0x00000180   0x00000000   Code   RO         1914    .ARM.Collect$$libinit$$0000001D  c_p.l(libinit2.o)
    0x00000180   0x00000180   0x00000000   Code   RO         1916    .ARM.Collect$$libinit$$0000001F  c_p.l(libinit2.o)
    0x00000180   0x00000180   0x00000000   Code   RO         1918    .ARM.Collect$$libinit$$00000021  c_p.l(libinit2.o)
    0x00000180   0x00000180   0x00000000   Code   RO         1920    .ARM.Collect$$libinit$$00000023  c_p.l(libinit2.o)
    0x00000180   0x00000180   0x00000000   Code   RO         1922    .ARM.Collect$$libinit$$00000025  c_p.l(libinit2.o)
    0x00000180   0x00000180   0x00000000   Code   RO         1924    .ARM.Collect$$libinit$$00000027  c_p.l(libinit2.o)
    0x00000180   0x00000180   0x00000000   Code   RO         1928    .ARM.Collect$$libinit$$0000002E  c_p.l(libinit2.o)
    0x00000180   0x00000180   0x00000000   Code   RO         1930    .ARM.Collect$$libinit$$00000030  c_p.l(libinit2.o)
    0x00000180   0x00000180   0x00000000   Code   RO         1932    .ARM.Collect$$libinit$$00000032  c_p.l(libinit2.o)
    0x00000180   0x00000180   0x00000000   Code   RO         1934    .ARM.Collect$$libinit$$00000034  c_p.l(libinit2.o)
    0x00000180   0x00000180   0x00000002   Code   RO         1935    .ARM.Collect$$libinit$$00000035  c_p.l(libinit2.o)
    0x00000182   0x00000182   0x00000002   Code   RO         1965    .ARM.Collect$$libshutdown$$00000000  c_p.l(libshutdown.o)
    0x00000184   0x00000184   0x00000000   Code   RO         1996    .ARM.Collect$$libshutdown$$00000002  c_p.l(libshutdown2.o)
    0x00000184   0x00000184   0x00000000   Code   RO         1998    .ARM.Collect$$libshutdown$$00000004  c_p.l(libshutdown2.o)
    0x00000184   0x00000184   0x00000000   Code   RO         2001    .ARM.Collect$$libshutdown$$00000007  c_p.l(libshutdown2.o)
    0x00000184   0x00000184   0x00000000   Code   RO         2004    .ARM.Collect$$libshutdown$$0000000A  c_p.l(libshutdown2.o)
    0x00000184   0x00000184   0x00000000   Code   RO         2006    .ARM.Collect$$libshutdown$$0000000C  c_p.l(libshutdown2.o)
    0x00000184   0x00000184   0x00000000   Code   RO         2009    .ARM.Collect$$libshutdown$$0000000F  c_p.l(libshutdown2.o)
    0x00000184   0x00000184   0x00000002   Code   RO         2010    .ARM.Collect$$libshutdown$$00000010  c_p.l(libshutdown2.o)
    0x00000186   0x00000186   0x00000000   Code   RO         1753    .ARM.Collect$$rtentry$$00000000  c_p.l(__rtentry.o)
    0x00000186   0x00000186   0x00000000   Code   RO         1819    .ARM.Collect$$rtentry$$00000002  c_p.l(__rtentry2.o)
    0x00000186   0x00000186   0x00000006   Code   RO         1831    .ARM.Collect$$rtentry$$00000004  c_p.l(__rtentry4.o)
    0x0000018c   0x0000018c   0x00000000   Code   RO         1821    .ARM.Collect$$rtentry$$00000009  c_p.l(__rtentry2.o)
    0x0000018c   0x0000018c   0x00000004   Code   RO         1822    .ARM.Collect$$rtentry$$0000000A  c_p.l(__rtentry2.o)
    0x00000190   0x00000190   0x00000000   Code   RO         1824    .ARM.Collect$$rtentry$$0000000C  c_p.l(__rtentry2.o)
    0x00000190   0x00000190   0x00000008   Code   RO         1825    .ARM.Collect$$rtentry$$0000000D  c_p.l(__rtentry2.o)
    0x00000198   0x00000198   0x00000002   Code   RO         1881    .ARM.Collect$$rtexit$$00000000  c_p.l(rtexit.o)
    0x0000019a   0x0000019a   0x00000000   Code   RO         1939    .ARM.Collect$$rtexit$$00000002  c_p.l(rtexit2.o)
    0x0000019a   0x0000019a   0x00000004   Code   RO         1940    .ARM.Collect$$rtexit$$00000003  c_p.l(rtexit2.o)
    0x0000019e   0x0000019e   0x00000006   Code   RO         1941    .ARM.Collect$$rtexit$$00000004  c_p.l(rtexit2.o)
    0x000001a4   0x000001a4   0x0000002c   Code   RO            4    .text               startup_mspm0g350x_uvision.o
    0x000001d0   0x000001d0   0x0000001c   Code   RO         1613    .text               c_p.l(noretval__2printf.o)
    0x000001ec   0x000001ec   0x00000028   Code   RO         1615    .text               c_p.l(noretval__2sprintf.o)
    0x00000214   0x00000214   0x0000004e   Code   RO         1619    .text               c_p.l(_printf_pad.o)
    0x00000262   0x00000262   0x00000002   PAD
    0x00000264   0x00000264   0x0000006c   Code   RO         1621    .text               c_p.l(_printf_dec.o)
    0x000002d0   0x000002d0   0x00000058   Code   RO         1626    .text               c_p.l(_printf_hex_int.o)
    0x00000328   0x00000328   0x00000138   Code   RO         1656    .text               c_p.l(__printf_flags_wp.o)
    0x00000460   0x00000460   0x00000010   Code   RO         1667    .text               c_p.l(strtok.o)
    0x00000470   0x00000470   0x00000014   Code   RO         1670    .text               c_p.l(strchr.o)
    0x00000484   0x00000484   0x0000005a   Code   RO         1672    .text               c_p.l(memcmp.o)
    0x000004de   0x000004de   0x00000002   PAD
    0x000004e0   0x000004e0   0x00000044   Code   RO         1674    .text               c_p.l(strlen.o)
    0x00000524   0x00000524   0x00000040   Code   RO         1676    .text               c_p.l(rt_memclr.o)
    0x00000564   0x00000564   0x0000006c   Code   RO         1678    .text               c_p.l(strncpy.o)
    0x000005d0   0x000005d0   0x000001f8   Code   RO         1680    .text               c_p.l(aeabi_sdivfast.o)
    0x000007c8   0x000007c8   0x00000006   Code   RO         1688    .text               c_p.l(heapauxi.o)
    0x000007ce   0x000007ce   0x00000002   PAD
    0x000007d0   0x000007d0   0x0000007c   Code   RO         1692    .text               fz_ps.l(d2f.o)
    0x0000084c   0x0000084c   0x00000358   Code   RO         1694    .text               fz_ps.l(daddsub.o)
    0x00000ba4   0x00000ba4   0x00000448   Code   RO         1696    .text               fz_ps.l(ddiv.o)
    0x00000fec   0x00000fec   0x00000248   Code   RO         1701    .text               fz_ps.l(dmul.o)
    0x00001234   0x00001234   0x00000054   Code   RO         1703    .text               fz_ps.l(f2d.o)
    0x00001288   0x00001288   0x00000160   Code   RO         1735    .text               fz_ps.l(fdiv.o)
    0x000013e8   0x000013e8   0x0000004c   Code   RO         1738    .text               fz_ps.l(ffixi.o)
    0x00001434   0x00001434   0x0000005e   Code   RO         1740    .text               fz_ps.l(fflti.o)
    0x00001492   0x00001492   0x00000016   Code   RO         1764    .text               c_p.l(_rserrno.o)
    0x000014a8   0x000014a8   0x000000b0   Code   RO         1766    .text               c_p.l(_printf_intcommon.o)
    0x00001558   0x00001558   0x00000030   Code   RO         1768    .text               c_p.l(_printf_char_common.o)
    0x00001588   0x00001588   0x0000000a   Code   RO         1770    .text               c_p.l(_sputc.o)
    0x00001592   0x00001592   0x00000002   PAD
    0x00001594   0x00001594   0x00000028   Code   RO         1772    .text               c_p.l(_printf_char_file.o)
    0x000015bc   0x000015bc   0x00000048   Code   RO         1775    .text               c_p.l(strtok_int.o)
    0x00001604   0x00001604   0x00000028   Code   RO         1777    .text               c_p.l(rtudiv10.o)
    0x0000162c   0x0000162c   0x00000060   Code   RO         1781    .text               fz_ps.l(dscalbn.o)
    0x0000168c   0x0000168c   0x00000008   Code   RO         1838    .text               c_p.l(rt_errno_addr_intlibspace.o)
    0x00001694   0x00001694   0x00000008   Code   RO         1842    .text               c_p.l(ferror.o)
    0x0000169c   0x0000169c   0x00000022   Code   RO         1846    .text               c_p.l(strcspn.o)
    0x000016be   0x000016be   0x00000020   Code   RO         1848    .text               c_p.l(strspn.o)
    0x000016de   0x000016de   0x00000002   PAD
    0x000016e0   0x000016e0   0x000000a0   Code   RO         1850    .text               fz_ps.l(dcmpin.o)
    0x00001780   0x00001780   0x00000100   Code   RO         1852    .text               fz_ps.l(dsqrt.o)
    0x00001880   0x00001880   0x00000064   Code   RO         1854    .text               fz_ps.l(fcmpin.o)
    0x000018e4   0x000018e4   0x00000008   Code   RO         1856    .text               c_p.l(libspace.o)
    0x000018ec   0x000018ec   0x0000003e   Code   RO         1859    .text               c_p.l(sys_stackheap_outer.o)
    0x0000192a   0x0000192a   0x00000010   Code   RO         1862    .text               c_p.l(exit.o)
    0x0000193a   0x0000193a   0x0000002e   Code   RO         1874    .text               fz_ps.l(cmpret.o)
    0x00001968   0x00001968   0x00000014   Code   RO         1876    .text               fz_ps.l(dnan2.o)
    0x0000197c   0x0000197c   0x00000010   Code   RO         1878    .text               fz_ps.l(fnan2.o)
    0x0000198c   0x0000198c   0x0000005e   Code   RO         1936    .text               fz_ps.l(retnan.o)
    0x000019ea   0x000019ea   0x0000000a   Code   RO          114    .text.DL_Common_delayCycles  dl_common.o
    0x000019f4   0x000019f4   0x000000ec   Code   RO          628    .text.DL_SYSCTL_configSYSPLL  dl_sysctl_mspm0g1x0x_g3x0x.o
    0x00001ae0   0x00001ae0   0x00000068   Code   RO          642    .text.DL_SYSCTL_setHFCLKSourceHFXTParams  dl_sysctl_mspm0g1x0x_g3x0x.o
    0x00001b48   0x00001b48   0x00000050   Code   RO          636    .text.DL_SYSCTL_switchMCLKfromSYSOSCtoHSCLK  dl_sysctl_mspm0g1x0x_g3x0x.o
    0x00001b98   0x00001b98   0x00000114   Code   RO          736    .text.DL_Timer_initFourCCPWMMode  dl_timer.o
    0x00001cac   0x00001cac   0x000000ec   Code   RO          664    .text.DL_Timer_initTimerMode  dl_timer.o
    0x00001d98   0x00001d98   0x0000001c   Code   RO          706    .text.DL_Timer_setCaptCompUpdateMethod  dl_timer.o
    0x00001db4   0x00001db4   0x00000018   Code   RO          710    .text.DL_Timer_setCaptureCompareOutCtl  dl_timer.o
    0x00001dcc   0x00001dcc   0x00000010   Code   RO          666    .text.DL_Timer_setCaptureCompareValue  dl_timer.o
    0x00001ddc   0x00001ddc   0x0000001c   Code   RO          660    .text.DL_Timer_setClockConfig  dl_timer.o
    0x00001df8   0x00001df8   0x00000048   Code   RO          769    .text.DL_UART_init  dl_uart.o
    0x00001e40   0x00001e40   0x00000012   Code   RO          771    .text.DL_UART_setClockConfig  dl_uart.o
    0x00001e52   0x00001e52   0x00000002   PAD
    0x00001e54   0x00001e54   0x000000b8   Code   RO         1351    .text.DMP_Init      bsp_mpu6050.o
    0x00001f0c   0x00001f0c   0x00000010   Code   RO          968    .text.Encoder_Get_ALL  bsp_encoder.o
    0x00001f1c   0x00001f1c   0x00000010   Code   RO          962    .text.Encoder_Init  bsp_encoder.o
    0x00001f2c   0x00001f2c   0x00000044   Code   RO          972    .text.Encoder_Update  bsp_encoder.o
    0x00001f70   0x00001f70   0x000000cc   Code   RO          974    .text.GROUP1_IRQHandler  bsp_encoder.o
    0x0000203c   0x0000203c   0x0000000c   Code   RO         1099    .text.Get_Time      bsp_ultrasonic.o
    0x00002048   0x00002048   0x000001ac   Code   RO         1333    .text.IR_DataAnalysis  bsp_ir_eight.o
    0x000021f4   0x000021f4   0x00000018   Code   RO         1331    .text.IR_UART_Init  bsp_ir_eight.o
    0x0000220c   0x0000220c   0x00000010   Code   RO          932    .text.Init_Motor_PWM  bsp_motor.o
    0x0000221c   0x0000221c   0x00000010   Code   RO          840    .text.Key2_is_Press  key.o
    0x0000222c   0x0000222c   0x00000010   Code   RO          846    .text.Key3_is_Press  key.o
    0x0000223c   0x0000223c   0x00000088   Code   RO          852    .text.Key_Scan      key.o
    0x000022c4   0x000022c4   0x000001ac   Code   RO         1387    .text.MPU6050_Init  bsp_mpu6050.o
    0x00002470   0x00002470   0x00000160   Code   RO         1369    .text.MPU6050_ReadData  bsp_mpu6050.o
    0x000025d0   0x000025d0   0x000000e8   Code   RO         1361    .text.MPU6050_WaitAck  bsp_mpu6050.o
    0x000026b8   0x000026b8   0x000000ec   Code   RO         1367    .text.MPU6050_WriteReg  bsp_mpu6050.o
    0x000027a4   0x000027a4   0x0000009c   Code   RO         1365    .text.MPU_Read_Byte  bsp_mpu6050.o
    0x00002840   0x00002840   0x00000154   Code   RO         1357    .text.MPU_Send_Byte  bsp_mpu6050.o
    0x00002994   0x00002994   0x000000b4   Code   RO         1152    .text.Motion_Car_Control  app_motor.o
    0x00002a48   0x00002a48   0x000000cc   Code   RO         1132    .text.Motion_Get_Speed  app_motor.o
    0x00002b14   0x00002b14   0x00000044   Code   RO         1150    .text.Motion_Handle  app_motor.o
    0x00002b58   0x00002b58   0x0000004c   Code   RO         1124    .text.Motion_Stop   app_motor.o
    0x00002ba4   0x00002ba4   0x000000bc   Code   RO         1299    .text.Motor_PID_Cal  my_motor_pid.o
    0x00002c60   0x00002c60   0x0000001e   Code   RO         1297    .text.Motor_PID_Init  my_motor_pid.o
    0x00002c7e   0x00002c7e   0x00000014   Code   RO         1295    .text.Motor_PID_Reset  my_motor_pid.o
    0x00002c92   0x00002c92   0x00000004   Code   RO         1303    .text.Motor_SetActualSpeed  my_motor_pid.o
    0x00002c96   0x00002c96   0x0000000a   Code   RO         1301    .text.Motor_Set_TargetSpeed  my_motor_pid.o
    0x00002ca0   0x00002ca0   0x00000040   Code   RO          944    .text.Motor_Stop    bsp_motor.o
    0x00002ce0   0x00002ce0   0x00000050   Code   RO         1114    .text.Motors_Init   app_motor.o
    0x00002d30   0x00002d30   0x00000330   Code   RO         1011    .text.OLED_Clear    oled.o
    0x00003060   0x00003060   0x0000053c   Code   RO         1037    .text.OLED_Draw_Line  oled.o
    0x0000359c   0x0000359c   0x00000754   Code   RO         1035    .text.OLED_Init     oled.o
    0x00003cf0   0x00003cf0   0x000000fc   Code   RO         1009    .text.OLED_Refresh  oled.o
    0x00003dec   0x00003dec   0x00000230   Code   RO         1019    .text.OLED_ShowChar  oled.o
    0x0000401c   0x0000401c   0x000000ac   Code   RO         1025    .text.OLED_ShowNum  oled.o
    0x000040c8   0x000040c8   0x0000030c   Code   RO         1043    .text.OLED_ShowNum_Grid  oled.o
    0x000043d4   0x000043d4   0x00000554   Code   RO         1045    .text.OLED_ShowSNum_Grid  oled.o
    0x00004928   0x00004928   0x00000050   Code   RO         1021    .text.OLED_ShowString  oled.o
    0x00004978   0x00004978   0x0000004c   Code   RO         1049    .text.OLED_ShowString_Center  oled.o
    0x000049c4   0x000049c4   0x000002a0   Code   RO         1041    .text.OLED_ShowString_Grid  oled.o
    0x00004c64   0x00004c64   0x000000a0   Code   RO          991    .text.OLED_WR_Byte  oled.o
    0x00004d04   0x00004d04   0x0000003c   Code   RO         1196    .text.PID_Clear_Motor  bsp_pid_motor.o
    0x00004d40   0x00004d40   0x000000b0   Code   RO          942    .text.PWM_Control_Car  bsp_motor.o
    0x00004df0   0x00004df0   0x00000144   Code   RO         1359    .text.Read_Byte     bsp_mpu6050.o
    0x00004f34   0x00004f34   0x0000001c   Code   RO         1074    .text.Reset_flag    task.o
    0x00004f50   0x00004f50   0x000000f8   Code   RO           15    .text.SYSCFG_DL_GPIO_init  ti_msp_dl_config.o
    0x00005048   0x00005048   0x00000030   Code   RO           29    .text.SYSCFG_DL_SYSCTL_CLK_init  ti_msp_dl_config.o
    0x00005078   0x00005078   0x0000007c   Code   RO           17    .text.SYSCFG_DL_SYSCTL_init  ti_msp_dl_config.o
    0x000050f4   0x000050f4   0x0000001c   Code   RO           27    .text.SYSCFG_DL_SYSTICK_init  ti_msp_dl_config.o
    0x00005110   0x00005110   0x0000004c   Code   RO           21    .text.SYSCFG_DL_TIMER_1ms_init  ti_msp_dl_config.o
    0x0000515c   0x0000515c   0x0000004c   Code   RO           23    .text.SYSCFG_DL_TIMER_20ms_init  ti_msp_dl_config.o
    0x000051a8   0x000051a8   0x00000084   Code   RO           25    .text.SYSCFG_DL_UART_0_init  ti_msp_dl_config.o
    0x0000522c   0x0000522c   0x00000048   Code   RO           11    .text.SYSCFG_DL_init  ti_msp_dl_config.o
    0x00005274   0x00005274   0x00000054   Code   RO           13    .text.SYSCFG_DL_initPower  ti_msp_dl_config.o
    0x000052c8   0x000052c8   0x000000d0   Code   RO           19    .text.SYSCFG_DL_motor_PWM_init  ti_msp_dl_config.o
    0x00005398   0x00005398   0x00000024   Code   RO         1070    .text.Schedule_Run  task.o
    0x000053bc   0x000053bc   0x0000010c   Code   RO         1003    .text.Send_Byte     oled.o
    0x000054c8   0x000054c8   0x00000220   Code   RO         1273    .text.StraightLineWalk_IMU  app_straight_yaw.o
    0x000056e8   0x000056e8   0x00000058   Code   RO         1271    .text.StraightLineWalk_IMU_Init  app_straight_yaw.o
    0x00005740   0x00005740   0x00000014   Code   RO         1267    .text.StraightLineWalk_IMU_Reset  app_straight_yaw.o
    0x00005754   0x00005754   0x0000002c   Code   RO         1103    .text.TIMA1_IRQHandler  bsp_ultrasonic.o
    0x00005780   0x00005780   0x00000044   Code   RO          907    .text.TIMG6_IRQHandler  bsp_timer.o
    0x000057c4   0x000057c4   0x0000001c   Code   RO          905    .text.Timer_20ms_Init  bsp_timer.o
    0x000057e0   0x000057e0   0x00000054   Code   RO         1335    .text.UART0_IRQHandler  bsp_ir_eight.o
    0x00005834   0x00005834   0x00000024   Code   RO         1101    .text.Ultrasonic_Init  bsp_ultrasonic.o
    0x00005858   0x00005858   0x0000000c   Code   RO         1269    .text.Yaw_lock      app_straight_yaw.o
    0x00005864   0x00005864   0x00000002   Code   RO          877    .text._sys_exit     uart0.o
    0x00005866   0x00005866   0x00000002   PAD
    0x00005868   0x00005868   0x0000018c   Code   RO         1068    .text.black_control  task.o
    0x000059f4   0x000059f4   0x00000064   Code   RO          896    .text.bsp_Init      bsp.o
    0x00005a58   0x00005a58   0x00000034   Code   RO         1242    .text.deal_IRdata   app_irtracking_eight.o
    0x00005a8c   0x00005a8c   0x000001c4   Code   RO          825    .text.delay_ms      delay.o
    0x00005c50   0x00005c50   0x00000048   Code   RO          823    .text.delay_us      delay.o
    0x00005c98   0x00005c98   0x000002a4   Code   RO         1565    .text.dmp_enable_feature  inv_mpu_dmp_motion_driver.o
    0x00005f3c   0x00005f3c   0x0000001c   Code   RO         1529    .text.dmp_load_motion_driver_firmware  inv_mpu_dmp_motion_driver.o
    0x00005f58   0x00005f58   0x000001a4   Code   RO         1577    .text.dmp_read_fifo  inv_mpu_dmp_motion_driver.o
    0x000060fc   0x000060fc   0x0000006c   Code   RO         1537    .text.dmp_set_fifo_rate  inv_mpu_dmp_motion_driver.o
    0x00006168   0x00006168   0x000000d8   Code   RO         1531    .text.dmp_set_orientation  inv_mpu_dmp_motion_driver.o
    0x00006240   0x00006240   0x00000134   Code   RO         1541    .text.dmp_set_tap_thresh  inv_mpu_dmp_motion_driver.o
    0x00006374   0x00006374   0x00000024   Code   RO          879    .text.fputc         uart0.o
    0x00006398   0x00006398   0x000000bc   Code   RO         1505    .text.inv_orientation_matrix_to_scalar  inv_mpu.o
    0x00006454   0x00006454   0x00000118   Code   RO           55    .text.main          main.o
    0x0000656c   0x0000656c   0x00000002   Code   RO         1443    .text.mget_ms       inv_mpu.o
    0x0000656e   0x0000656e   0x00000002   PAD
    0x00006570   0x00006570   0x000000a4   Code   RO         1431    .text.mpu_configure_fifo  inv_mpu.o
    0x00006614   0x00006614   0x000001c8   Code   RO         1511    .text.mpu_dmp_get_data  inv_mpu.o
    0x000067dc   0x000067dc   0x000000e8   Code   RO         1509    .text.mpu_dmp_init  inv_mpu.o
    0x000068c4   0x000068c4   0x00000034   Code   RO         1455    .text.mpu_get_accel_fsr  inv_mpu.o
    0x000068f8   0x000068f8   0x00000198   Code   RO         1421    .text.mpu_init      inv_mpu.o
    0x00006a90   0x00006a90   0x0000012c   Code   RO         1491    .text.mpu_load_firmware  inv_mpu.o
    0x00006bbc   0x00006bbc   0x000001e4   Code   RO         1437    .text.mpu_lp_accel_mode  inv_mpu.o
    0x00006da0   0x00006da0   0x000000a4   Code   RO         1477    .text.mpu_read_fifo_stream  inv_mpu.o
    0x00006e44   0x00006e44   0x0000014c   Code   RO         1451    .text.mpu_reset_fifo  inv_mpu.o
    0x00006f90   0x00006f90   0x00000068   Code   RO         1425    .text.mpu_set_accel_fsr  inv_mpu.o
    0x00006ff8   0x00006ff8   0x000000f0   Code   RO         1433    .text.mpu_set_bypass  inv_mpu.o
    0x000070e8   0x000070e8   0x000000cc   Code   RO         1483    .text.mpu_set_dmp_state  inv_mpu.o
    0x000071b4   0x000071b4   0x00000074   Code   RO         1427    .text.mpu_set_lpf   inv_mpu.o
    0x00007228   0x00007228   0x000000d8   Code   RO         1429    .text.mpu_set_sample_rate  inv_mpu.o
    0x00007300   0x00007300   0x000000d4   Code   RO         1435    .text.mpu_set_sensors  inv_mpu.o
    0x000073d4   0x000073d4   0x0000006c   Code   RO         1487    .text.mpu_write_mem  inv_mpu.o
    0x00007440   0x00007440   0x00000124   Code   RO          883    .text.puts          uart0.o
    0x00007564   0x00007564   0x00000104   Code   RO          854    .text.switch_mode   key.o
    0x00007668   0x00007668   0x00000178   Code   RO         1072    .text.test_turn_simple  task.o
    0x000077e0   0x000077e0   0x0000003c   Code   RO          875    .text.uart0_send_string  uart0.o
    0x0000781c   0x0000781c   0x000001f6   Code   RO         1681    .text_divfast       c_p.l(aeabi_sdivfast.o)
    0x00007a12   0x00007a12   0x00000002   PAD
    0x00007a14   0x00007a14   0x0000002c   Code   RO         1809    i.__ARM_fpclassify  m_ps.l(fpclassify.o)
    0x00007a40   0x00007a40   0x000000ac   Code   RO         1811    i.__kernel_poly     m_ps.l(poly.o)
    0x00007aec   0x00007aec   0x0000000a   Code   RO         1796    i.__mathlib_dbl_infnan  m_ps.l(dunder.o)
    0x00007af6   0x00007af6   0x00000008   Code   RO         1797    i.__mathlib_dbl_infnan2  m_ps.l(dunder.o)
    0x00007afe   0x00007afe   0x00000010   Code   RO         1798    i.__mathlib_dbl_invalid  m_ps.l(dunder.o)
    0x00007b0e   0x00007b0e   0x00000002   PAD
    0x00007b10   0x00007b10   0x00000014   Code   RO         1801    i.__mathlib_dbl_underflow  m_ps.l(dunder.o)
    0x00007b24   0x00007b24   0x00000016   Code   RO         1718    i._fgeq             fz_ps.l(fcmp.o)
    0x00007b3a   0x00007b3a   0x00000016   Code   RO         1719    i._fgr              fz_ps.l(fcmp.o)
    0x00007b50   0x00007b50   0x0000001a   Code   RO         1720    i._fleq             fz_ps.l(fcmp.o)
    0x00007b6a   0x00007b6a   0x00000016   Code   RO         1721    i._fls              fz_ps.l(fcmp.o)
    0x00007b80   0x00007b80   0x0000000e   Code   RO         1654    i._is_digit         c_p.l(__printf_wp.o)
    0x00007b8e   0x00007b8e   0x00000002   PAD
    0x00007b90   0x00007b90   0x00000274   Code   RO         1745    i.asin              m_ps.l(asin.o)
    0x00007e04   0x00007e04   0x0000021c   Code   RO         1791    i.atan              m_ps.l(atan.o)
    0x00008020   0x00008020   0x0000019c   Code   RO         1750    i.atan2             m_ps.l(atan2.o)
    0x000081bc   0x000081bc   0x00000048   Code   RO         1815    i.sqrt              m_ps.l(sqrt.o)
    0x00008204   0x00008204   0x00000064   Code   RO         1779    x$fpl$deqf          fz_ps.l(deqf.o)
    0x00008268   0x00008268   0x0000008c   Code   RO         1705    x$fpl$fadd          fz_ps.l(faddsub.o)
    0x000082f4   0x000082f4   0x00000054   Code   RO         1785    x$fpl$fgeqf         fz_ps.l(fgef.o)
    0x00008348   0x00008348   0x00000054   Code   RO         1787    x$fpl$fleqf         fz_ps.l(flef.o)
    0x0000839c   0x0000839c   0x000000b0   Code   RO         1742    x$fpl$fmul          fz_ps.l(fmul.o)
    0x0000844c   0x0000844c   0x000000d0   Code   RO         1707    x$fpl$fsub          fz_ps.l(faddsub.o)
    0x0000851c   0x0000851c   0x00000000   Code   RO         1789    x$fpl$usenofp       fz_ps.l(usenofp.o)
    0x0000851c   0x0000851c   0x00000028   Data   RO         1627    .constdata          c_p.l(_printf_hex_int.o)
    0x00008544   0x00008544   0x00000011   Data   RO         1657    .constdata          c_p.l(__printf_flags_wp.o)
    0x00008555   0x00008555   0x00000080   Data   RO         1697    .constdata          fz_ps.l(ddiv.o)
    0x000085d5   0x000085d5   0x00000040   Data   RO         1736    .constdata          fz_ps.l(fdiv.o)
    0x00008615   0x00008615   0x00000003   PAD
    0x00008618   0x00008618   0x00000050   Data   RO         1746    .constdata          m_ps.l(asin.o)
    0x00008668   0x00008668   0x00000098   Data   RO         1792    .constdata          m_ps.l(atan.o)
    0x00008700   0x00008700   0x00000008   Data   RO         1813    .constdata          m_ps.l(qnan.o)
    0x00008708   0x00008708   0x00000003   Data   RO         1585    .rodata..L__const.dmp_set_orientation.accel_axes  inv_mpu_dmp_motion_driver.o
    0x0000870b   0x0000870b   0x00000003   Data   RO         1584    .rodata..L__const.dmp_set_orientation.gyro_axes  inv_mpu_dmp_motion_driver.o
    0x0000870e   0x0000870e   0x00000228   Data   RO         1051    .rodata.asc2_0806   oled.o
    0x00008936   0x00008936   0x00000474   Data   RO         1052    .rodata.asc2_1206   oled.o
    0x00008daa   0x00008daa   0x000005f0   Data   RO         1053    .rodata.asc2_1608   oled.o
    0x0000939a   0x0000939a   0x00000d5c   Data   RO         1054    .rodata.asc2_2412   oled.o
    0x0000a0f6   0x0000a0f6   0x00000018   Data   RO         1519    .rodata.cst8        inv_mpu.o
    0x0000a10e   0x0000a10e   0x00000bf6   Data   RO         1583    .rodata.dmp_memory  inv_mpu_dmp_motion_driver.o
    0x0000ad04   0x0000ad04   0x00000028   Data   RO           38    .rodata.gSYSPLLConfig  ti_msp_dl_config.o
    0x0000ad2c   0x0000ad2c   0x00000003   Data   RO           41    .rodata.gTIMER_1msClockConfig  ti_msp_dl_config.o
    0x0000ad2f   0x0000ad2f   0x00000001   PAD
    0x0000ad30   0x0000ad30   0x00000014   Data   RO           42    .rodata.gTIMER_1msTimerConfig  ti_msp_dl_config.o
    0x0000ad44   0x0000ad44   0x00000003   Data   RO           43    .rodata.gTIMER_20msClockConfig  ti_msp_dl_config.o
    0x0000ad47   0x0000ad47   0x00000001   PAD
    0x0000ad48   0x0000ad48   0x00000014   Data   RO           44    .rodata.gTIMER_20msTimerConfig  ti_msp_dl_config.o
    0x0000ad5c   0x0000ad5c   0x00000002   Data   RO           45    .rodata.gUART_0ClockConfig  ti_msp_dl_config.o
    0x0000ad5e   0x0000ad5e   0x0000000a   Data   RO           46    .rodata.gUART_0Config  ti_msp_dl_config.o
    0x0000ad68   0x0000ad68   0x00000003   Data   RO           39    .rodata.gmotor_PWMClockConfig  ti_msp_dl_config.o
    0x0000ad6b   0x0000ad6b   0x00000001   PAD
    0x0000ad6c   0x0000ad6c   0x00000008   Data   RO           40    .rodata.gmotor_PWMConfig  ti_msp_dl_config.o
    0x0000ad74   0x0000ad74   0x0000000c   Data   RO         1514    .rodata.hw          inv_mpu.o
    0x0000ad80   0x0000ad80   0x0000001b   Data   RO         1513    .rodata.reg         inv_mpu.o
    0x0000ad9b   0x0000ad9b   0x00000002   Data   RO         1341    .rodata.str1.1      bsp_ir_eight.o
    0x0000ad9d   0x0000ad9d   0x0000003b   Data   RO         1389    .rodata.str1.1      bsp_mpu6050.o
    0x0000add8   0x0000add8   0x0000004c   Data   RO         1518    .rodata.str1.1      inv_mpu.o
    0x0000ae24   0x0000ae24   0x00000028   Data   RO         1515    .rodata.test        inv_mpu.o
    0x0000ae4c   0x0000ae4c   0x00000004   PAD
    0x0000ae50   0x0000ae50   0x00000020   Data   RO         2012    Region$$Table       anon$$obj.o


    Execution Region RW_IRAM2 (Exec base: 0x20200000, Load base: 0x0000ae70, Size: 0x00000be0, Max: 0x00008000, ABSOLUTE)

    Exec Addr    Load Addr    Size         Type   Attr      Idx    E Section Name        Object

    0x20200000   0x0000ae70   0x00000004   Data   RW         1668    .data               c_p.l(strtok.o)
    0x20200004   0x0000ae74   0x00000004   Data   RW         1286    .data.Vz_Bias       app_straight_yaw.o
    0x20200008   0x0000ae78   0x00000004   Data   RW         1250    .data.g_IR_track_speed  app_irtracking_eight.o
    0x2020000c   0x0000ae7c   0x00000009   Data   RW         1517    .data.gyro_orientation  inv_mpu.o
    0x20200015   0x0000ae85   0x00000003   PAD
    0x20200018   0x0000ae88   0x0000002c   Data   RW         1516    .data.st            inv_mpu.o
    0x20200044   0x0000aeb4   0x00000010   Data   RW         1076    .data.tasks         task.o
    0x20200054   0x0000aec4   0x00000004   PAD
    0x20200058        -       0x00000060   Zero   RW         1857    .bss                c_p.l(libspace.o)
    0x202000b8        -       0x00000004   Zero   RW          978    .bss.Encoder_L      bsp_encoder.o
    0x202000bc        -       0x00000004   Zero   RW          979    .bss.Encoder_R      bsp_encoder.o
    0x202000c0        -       0x00000008   Zero   RW         1342    .bss.IR_Data_Number  bsp_ir_eight.o
    0x202000c8        -       0x000000c8   Zero   RW         1337    .bss.IR_recv0_buff  bsp_ir_eight.o
    0x20200190        -       0x00000001   Zero   RW         1339    .bss.IR_recv0_complete_flag  bsp_ir_eight.o
    0x20200191   0x0000aec4   0x00000001   PAD
    0x20200192        -       0x00000002   Zero   RW         1338    .bss.IR_recv0_length  bsp_ir_eight.o
    0x20200194        -       0x00000001   Zero   RW          862    .bss.Key_Scan.release  key.o
    0x20200195        -       0x00000240   Zero   RW         1059    .bss.OLED_GRAM      oled.o
    0x202003d5   0x0000aec4   0x00000003   PAD
    0x202003d8        -       0x00000054   Zero   RW          885    .bss.__stdout       uart0.o
    0x2020042c        -       0x00000004   Zero   RW         1090    .bss.black_control.brake_delay_start  task.o
    0x20200430        -       0x00000001   Zero   RW         1082    .bss.black_control.x1  task.o
    0x20200431        -       0x00000001   Zero   RW         1083    .bss.black_control.x2  task.o
    0x20200432        -       0x00000001   Zero   RW         1084    .bss.black_control.x3  task.o
    0x20200433        -       0x00000001   Zero   RW         1085    .bss.black_control.x4  task.o
    0x20200434        -       0x00000001   Zero   RW         1086    .bss.black_control.x5  task.o
    0x20200435        -       0x00000001   Zero   RW         1087    .bss.black_control.x6  task.o
    0x20200436        -       0x00000001   Zero   RW         1088    .bss.black_control.x7  task.o
    0x20200437        -       0x00000001   Zero   RW         1089    .bss.black_control.x8  task.o
    0x20200438        -       0x00000001   Zero   RW         1078    .bss.black_line_count  task.o
    0x20200439        -       0x00000001   Zero   RW         1079    .bss.brake_flag     task.o
    0x2020043a        -       0x00000006   Zero   RW         1163    .bss.car_data       app_motor.o
    0x20200440        -       0x00000004   Zero   RW         1586    .bss.dmp.0          inv_mpu_dmp_motion_driver.o
    0x20200444        -       0x00000004   Zero   RW         1587    .bss.dmp.1          inv_mpu_dmp_motion_driver.o
    0x20200448        -       0x00000002   Zero   RW         1588    .bss.dmp.2          inv_mpu_dmp_motion_driver.o
    0x2020044a   0x0000aec4   0x00000002   PAD
    0x2020044c        -       0x00000002   Zero   RW         1589    .bss.dmp.3          inv_mpu_dmp_motion_driver.o
    0x2020044e   0x0000aec4   0x00000002   PAD
    0x20200450        -       0x00000002   Zero   RW         1590    .bss.dmp.4          inv_mpu_dmp_motion_driver.o
    0x20200452        -       0x00000001   Zero   RW         1591    .bss.dmp.5          inv_mpu_dmp_motion_driver.o
    0x20200453   0x0000aec4   0x00000001   PAD
    0x20200454        -       0x000000bc   Zero   RW           36    .bss.gTIMER_1msBackup  ti_msp_dl_config.o
    0x20200510        -       0x000000a0   Zero   RW           37    .bss.gTIMER_20msBackup  ti_msp_dl_config.o
    0x202005b0        -       0x00000008   Zero   RW         1155    .bss.g_Encoder_All_Last  app_motor.o
    0x202005b8        -       0x00000008   Zero   RW         1154    .bss.g_Encoder_All_Now  app_motor.o
    0x202005c0        -       0x00000008   Zero   RW         1156    .bss.g_Encoder_All_Offset  app_motor.o
    0x202005c8        -       0x00000004   Zero   RW          980    .bss.g_encoder_irq_count  bsp_encoder.o
    0x202005cc        -       0x00000001   Zero   RW         1157    .bss.g_start_ctrl   app_motor.o
    0x202005cd        -       0x00000001   Zero   RW         1158    .bss.g_yaw_adjust   app_motor.o
    0x202005ce        -       0x00000001   Zero   RW         1276    .bss.get_filtered_yaw.init  app_straight_yaw.o
    0x202005cf   0x0000aec4   0x00000001   PAD
    0x202005d0        -       0x00000004   Zero   RW         1275    .bss.get_filtered_yaw.lpf  app_straight_yaw.o
    0x202005d4        -       0x00000001   Zero   RW          909    .bss.gled_cnt       bsp_timer.o
    0x202005d5   0x0000aec4   0x00000003   PAD
    0x202005d8        -       0x000000bc   Zero   RW           35    .bss.gmotor_PWMBackup  ti_msp_dl_config.o
    0x20200694        -       0x00000001   Zero   RW         1081    .bss.last_line      task.o
    0x20200695   0x0000aec4   0x00000003   PAD
    0x20200698        -       0x00000004   Zero   RW           57    .bss.main.last_oled  main.o
    0x2020069c        -       0x00000010   Zero   RW          976    .bss.motorL_Encoder  bsp_encoder.o
    0x202006ac        -       0x00000010   Zero   RW          977    .bss.motorR_Encoder  bsp_encoder.o
    0x202006bc        -       0x00000078   Zero   RW         1309    .bss.motor_pid      my_motor_pid.o
    0x20200734        -       0x00000004   Zero   RW         1105    .bss.msHcCount      bsp_ultrasonic.o
    0x20200738        -       0x00000014   Zero   RW         1340    .bss.oledbuf        bsp_ir_eight.o
    0x2020074c        -       0x00000050   Zero   RW         1224    .bss.pid_motor      bsp_pid_motor.o
    0x2020079c        -       0x00000004   Zero   RW         1400    .bss.pitch          get_mpu6050.o
    0x202007a0        -       0x00000004   Zero   RW         1401    .bss.roll           get_mpu6050.o
    0x202007a4        -       0x00000004   Zero   RW         1161    .bss.speed_L1_setup  app_motor.o
    0x202007a8        -       0x00000004   Zero   RW         1162    .bss.speed_R1_setup  app_motor.o
    0x202007ac        -       0x00000001   Zero   RW         1080    .bss.stop_flag      task.o
    0x202007ad   0x0000aec4   0x00000003   PAD
    0x202007b0        -       0x00000004   Zero   RW         1106    .bss.systick_counter  bsp_ultrasonic.o
    0x202007b4        -       0x00000004   Zero   RW         1277    .bss.target_yaw     app_straight_yaw.o
    0x202007b8        -       0x00000001   Zero   RW         1077    .bss.turn_adjust    task.o
    0x202007b9   0x0000aec4   0x00000003   PAD
    0x202007bc        -       0x00000004   Zero   RW         1402    .bss.yaw            get_mpu6050.o
    0x202007c0        -       0x00000001   Zero   RW         1285    .bss.yaw_locked     app_straight_yaw.o
    0x202007c1   0x0000aec4   0x00000003   PAD
    0x202007c4        -       0x00000004   Zero   RW         1278    .bss.yaw_pid.0      app_straight_yaw.o
    0x202007c8        -       0x00000004   Zero   RW         1279    .bss.yaw_pid.1      app_straight_yaw.o
    0x202007cc        -       0x00000004   Zero   RW         1280    .bss.yaw_pid.2      app_straight_yaw.o
    0x202007d0        -       0x00000004   Zero   RW         1281    .bss.yaw_pid.3      app_straight_yaw.o
    0x202007d4        -       0x00000004   Zero   RW         1282    .bss.yaw_pid.4      app_straight_yaw.o
    0x202007d8        -       0x00000004   Zero   RW         1283    .bss.yaw_pid.5      app_straight_yaw.o
    0x202007dc        -       0x00000004   Zero   RW         1284    .bss.yaw_pid.6      app_straight_yaw.o
    0x202007e0        -       0x00000000   Zero   RW            2    HEAP                startup_mspm0g350x_uvision.o
    0x202007e0        -       0x00000400   Zero   RW            1    STACK               startup_mspm0g350x_uvision.o



  Load Region LR_BCR (Base: 0x41c00000, Size: 0x00000000, Max: 0x00000100, ABSOLUTE)

    Execution Region BCR_CONFIG (Exec base: 0x41c00000, Load base: 0x41c00000, Size: 0x00000000, Max: 0x00000080, ABSOLUTE)

    **** No section assigned to this execution region ****



  Load Region LR_BSL (Base: 0x41c00100, Size: 0x00000000, Max: 0x00000100, ABSOLUTE)

    Execution Region BSL_CONFIG (Exec base: 0x41c00100, Load base: 0x41c00100, Size: 0x00000000, Max: 0x00000080, ABSOLUTE)

    **** No section assigned to this execution region ****


==============================================================================

Image component sizes


      Code (inc. data)   RO Data    RW Data    ZI Data      Debug   Object Name

        52          4          0          4          0       2820   app_irtracking_eight.o
       608         72          0          0         40       9154   app_motor.o
       664        104          0          4         38       3331   app_straight_yaw.o
       100         16          0          0          0        703   bsp.o
       304         32          0          0         44       7711   bsp_encoder.o
       536         72          2          0        231       6469   bsp_ir_eight.o
       256         24          0          0          0       7055   bsp_motor.o
      2252        112         59          0          0      20746   bsp_mpu6050.o
        60          4          0          0         80       9293   bsp_pid_motor.o
        96         16          0          0          1       7801   bsp_timer.o
        92         28          0          0          8       5688   bsp_ultrasonic.o
       524          8          0          0          0       3531   delay.o
        10          0          0          0          0        587   dl_common.o
       420         28          0          0          0      18939   dl_sysctl_mspm0g1x0x_g3x0x.o
       608        188          0          0          0      36796   dl_timer.o
        90          8          0          0          0      14677   dl_uart.o
         0          0          0          0         12        792   get_mpu6050.o
      3982        148        179         53          0      31374   inv_mpu.o
      1756        132       3068          0         15      12286   inv_mpu_dmp_motion_driver.o
       428         48          0          0          1       6827   key.o
       280         64          0          0          4       1045   main.o
       252          0          0          0        120       2398   my_motor_pid.o
      8416        104       6632          0        576      39947   oled.o
        44         18        192          0       1024        688   startup_mspm0g350x_uvision.o
       836        116          0         16         17       2666   task.o
      1096        224        109          0        536      33214   ti_msp_dl_config.o
       390          8          0          0         84       9419   uart0.o

    ----------------------------------------------------------------------
     24158       1578      10280         80       2860     295957   Object Totals
         0          0         32          0          0          0   (incl. Generated)
         6          0          7          3         29          0   (incl. Padding)

    ----------------------------------------------------------------------

      Code (inc. data)   RO Data    RW Data    ZI Data      Debug   Library Member Name

         8          0          0          0          0         68   __main.o
       312          6         17          0          0         76   __printf_flags_wp.o
        14          0          0          0          0         60   __printf_wp.o
         0          0          0          0          0          0   __rtentry.o
        12          0          0          0          0          0   __rtentry2.o
         6          0          0          0          0          0   __rtentry4.o
        86         10          0          0          0          0   __scatter.o
        26          0          0          0          0          0   __scatter_copy.o
        28          0          0          0          0          0   __scatter_zi.o
        48          6          0          0          0         88   _printf_char_common.o
        40          6          0          0          0         72   _printf_char_file.o
        10          0          0          0          0          0   _printf_d.o
       108         18          0          0          0         76   _printf_dec.o
        88          4         40          0          0         72   _printf_hex_int.o
       176          0          0          0          0         84   _printf_intcommon.o
        78          0          0          0          0        100   _printf_pad.o
         2          0          0          0          0          0   _printf_percent.o
         4          0          0          0          0          0   _printf_percent_end.o
        10          0          0          0          0          0   _printf_x.o
        22          0          0          0          0         92   _rserrno.o
        10          0          0          0          0         60   _sputc.o
      1006          4          0          0          0        184   aeabi_sdivfast.o
        16          0          0          0          0         68   exit.o
         8          0          0          0          0         60   ferror.o
         6          0          0          0          0        136   heapauxi.o
         2          0          0          0          0          0   libinit.o
         2          0          0          0          0          0   libinit2.o
         2          0          0          0          0          0   libshutdown.o
         2          0          0          0          0          0   libshutdown2.o
         8          4          0          0         96         68   libspace.o
        90          0          0          0          0         68   memcmp.o
        28          6          0          0          0         84   noretval__2printf.o
        40          4          0          0          0         84   noretval__2sprintf.o
         8          4          0          0          0         68   rt_errno_addr_intlibspace.o
        64          0          0          0          0        108   rt_memclr.o
         2          0          0          0          0          0   rtexit.o
        10          0          0          0          0          0   rtexit2.o
        40          0          0          0          0         60   rtudiv10.o
        20          0          0          0          0         60   strchr.o
        34          0          0          0          0         72   strcspn.o
        68          6          0          0          0         72   strlen.o
       108          4          0          0          0         76   strncpy.o
        32          0          0          0          0         72   strspn.o
        16          6          0          4          0         68   strtok.o
        72          6          0          0          0         76   strtok_int.o
        62          0          0          0          0         80   sys_stackheap_outer.o
        46          0          0          0          0         60   cmpret.o
       124          4          0          0          0         72   d2f.o
       856         20          0          0          0        208   daddsub.o
       160          6          0          0          0         76   dcmpin.o
      1096         26        128          0          0        112   ddiv.o
       100          4          0          0          0         92   deqf.o
       584         26          0          0          0         84   dmul.o
        20          6          0          0          0         68   dnan2.o
        96         12          0          0          0         72   dscalbn.o
       256          8          0          0          0         76   dsqrt.o
        84          4          0          0          0         60   f2d.o
       348          8          0          0          0        160   faddsub.o
        92          0          0          0          0        272   fcmp.o
       100          4          0          0          0         68   fcmpin.o
       352         10         64          0          0         92   fdiv.o
        76          0          0          0          0         68   ffixi.o
        94          0          0          0          0         92   fflti.o
        84          4          0          0          0         76   fgef.o
        84          4          0          0          0         76   flef.o
       176          4          0          0          0         80   fmul.o
        16          6          0          0          0         68   fnan2.o
        94          0          0          0          0         68   retnan.o
         0          0          0          0          0          0   usenofp.o
       628         54         80          0          0        104   asin.o
       540         68        152          0          0        112   atan.o
       412         40          0          0          0        144   atan2.o
        54          6          0          0          0        272   dunder.o
        44          4          0          0          0         60   fpclassify.o
       172          0          0          0          0         76   poly.o
         0          0          8          0          0          0   qnan.o
        72          6          0          0          0         76   sqrt.o

    ----------------------------------------------------------------------
      9726        432        492          4         96       5356   Library Totals
        32          4          3          0          0          0   (incl. Padding)

    ----------------------------------------------------------------------

      Code (inc. data)   RO Data    RW Data    ZI Data      Debug   Library Name

      2834         94         57          4         96       2412   c_p.l
      4938        156        192          0          0       2100   fz_ps.l
      1922        178        240          0          0        844   m_ps.l

    ----------------------------------------------------------------------
      9726        432        492          4         96       5356   Library Totals

    ----------------------------------------------------------------------

==============================================================================


      Code (inc. data)   RO Data    RW Data    ZI Data      Debug   

     33884       2010      10772         84       2956     298105   Grand Totals
     33884       2010      10772         84       2956     298105   ELF Image Totals
     33884       2010      10772         84          0          0   ROM Totals

==============================================================================

    Total RO  Size (Code + RO Data)                44656 (  43.61kB)
    Total RW  Size (RW Data + ZI Data)              3040 (   2.97kB)
    Total ROM Size (Code + RO Data + RW Data)      44740 (  43.69kB)

==============================================================================

